  ╨Ю╨┐╤А╨╡╨┤╨╡╨╗╨╡╨╜╨╕╨╡ ╨┐╤А╨╛╨╡╨║╤В╨╛╨▓ ╨┤╨╗╤П ╨▓╨╛╤Б╤Б╤В╨░╨╜╨╛╨▓╨╗╨╡╨╜╨╕╤П...
  ╨Т╤Б╨╡ ╨┐╤А╨╛╨╡╨║╤В╤Л ╨╛╨▒╨╜╨╛╨▓╨╗╨╡╨╜╤Л ╨┤╨╗╤П ╨▓╨╛╤Б╤Б╤В╨░╨╜╨╛╨▓╨╗╨╡╨╜╨╕╤П.
  Vantuz.Core -> C:\000\projects\troglobit\VantuzLauncher\Vantuz.Core\bin\Debug\net8.0\Vantuz.Core.dll
  Vantuz.Builder -> C:\000\projects\troglobit\VantuzLauncher\Vantuz.Builder\bin\Debug\net8.0\Vantuz.Builder.dll
  Vantuz.Plugins.Game -> C:\000\projects\troglobit\VantuzLauncher\Vantuz.Plugins.Game\bin\Debug\net8.0\Vantuz.Plugins.Game.dll
  Vantuz.Host -> C:\000\projects\troglobit\VantuzLauncher\Vantuz.Host\bin\Debug\net8.0\Vantuz.Host.dll
  Vantuz.Plugins.Auth -> C:\000\projects\troglobit\VantuzLauncher\Vantuz.Plugins.Auth\bin\Debug\net8.0\Vantuz.Plugins.Auth.dll
  Vantuz.Plugins.OS -> C:\000\projects\troglobit\VantuzLauncher\Vantuz.Plugins.OS\bin\Debug\net8.0\Vantuz.Plugins.OS.dll
  Vantuz.Plugins.Net -> C:\000\projects\troglobit\VantuzLauncher\Vantuz.Plugins.Net\bin\Debug\net8.0\Vantuz.Plugins.Net.dll
C:\Program Files\dotnet\sdk\8.0.420\Microsoft.Common.CurrentVersion.targets(5034,5): warning MSB3026: ╨╜╨╡ ╤Г╨┤╨░╨╗╨╛╤Б╤М ╤Б╨║╨╛╨┐╨╕╤А╨╛╨▓╨░╤В╤М "C:\000\projects\troglobit\VantuzLauncher\Vantuz.Core\bin\Debug\net8.0\Vantuz.Core.dll" ╨▓ "bin\Debug\net8.0-windows\win-x64\Vantuz.Core.dll". ╨Я╨╛╨▓╤В╨╛╤А╨╜╨░╤П ╨┐╨╛╨┐╤Л╤В╨║╨░ 1 ╨╜╨░╤З╨╜╨╡╤В╤Б╤П ╤З╨╡╤А╨╡╨╖ 1000┬а╨╝╤Б. The process cannot access the file 'C:\000\projects\troglobit\VantuzLauncher\bin\Debug\net8.0-windows\win-x64\Vantuz.Core.dll' because it is being used by another process. "VantuzLauncher (11228)" ╨▒╨╗╨╛╨║╨╕╤А╤Г╨╡╤В ╤Н╤В╨╛╤В ╤Д╨░╨╣╨╗ [C:\000\projects\troglobit\VantuzLauncher\VantuzLauncher.csproj]
C:\Program Files\dotnet\sdk\8.0.420\Microsoft.Common.CurrentVersion.targets(5034,5): warning MSB3026: ╨╜╨╡ ╤Г╨┤╨░╨╗╨╛╤Б╤М ╤Б╨║╨╛╨┐╨╕╤А╨╛╨▓╨░╤В╤М "C:\000\projects\troglobit\VantuzLauncher\Vantuz.Host\bin\Debug\net8.0\Vantuz.Host.dll" ╨▓ "bin\Debug\net8.0-windows\win-x64\Vantuz.Host.dll". ╨Я╨╛╨▓╤В╨╛╤А╨╜╨░╤П ╨┐╨╛╨┐╤Л╤В╨║╨░ 1 ╨╜╨░╤З╨╜╨╡╤В╤Б╤П ╤З╨╡╤А╨╡╨╖ 1000┬а╨╝╤Б. The process cannot access the file 'C:\000\projects\troglobit\VantuzLauncher\bin\Debug\net8.0-windows\win-x64\Vantuz.Host.dll' because it is being used by another process. "VantuzLauncher (11228), .NET Host (19408)" ╨▒╨╗╨╛╨║╨╕╤А╤Г╨╡╤В ╤Н╤В╨╛╤В ╤Д╨░╨╣╨╗ [C:\000\projects\troglobit\VantuzLauncher\VantuzLauncher.csproj]
C:\Program Files\dotnet\sdk\8.0.420\Microsoft.Common.CurrentVersion.targets(5034,5): warning MSB3026: ╨╜╨╡ ╤Г╨┤╨░╨╗╨╛╤Б╤М ╤Б╨║╨╛╨┐╨╕╤А╨╛╨▓╨░╤В╤М "C:\000\projects\troglobit\VantuzLauncher\Vantuz.Core\bin\Debug\net8.0\Vantuz.Core.dll" ╨▓ "bin\Debug\net8.0-windows\win-x64\Vantuz.Core.dll". ╨Я╨╛╨▓╤В╨╛╤А╨╜╨░╤П ╨┐╨╛╨┐╤Л╤В╨║╨░ 2 ╨╜╨░╤З╨╜╨╡╤В╤Б╤П ╤З╨╡╤А╨╡╨╖ 1000┬а╨╝╤Б. The process cannot access the file 'C:\000\projects\troglobit\VantuzLauncher\bin\Debug\net8.0-windows\win-x64\Vantuz.Core.dll' because it is being used by another process. "VantuzLauncher (11228), .NET Host (19408)" ╨▒╨╗╨╛╨║╨╕╤А╤Г╨╡╤В ╤Н╤В╨╛╤В ╤Д╨░╨╣╨╗ [C:\000\projects\troglobit\VantuzLauncher\VantuzLauncher.csproj]
C:\Program Files\dotnet\sdk\8.0.420\Microsoft.Common.CurrentVersion.targets(5034,5): warning MSB3026: ╨╜╨╡ ╤Г╨┤╨░╨╗╨╛╤Б╤М ╤Б╨║╨╛╨┐╨╕╤А╨╛╨▓╨░╤В╤М "C:\000\projects\troglobit\VantuzLauncher\Vantuz.Host\bin\Debug\net8.0\Vantuz.Host.dll" ╨▓ "bin\Debug\net8.0-windows\win-x64\Vantuz.Host.dll". ╨Я╨╛╨▓╤В╨╛╤А╨╜╨░╤П ╨┐╨╛╨┐╤Л╤В╨║╨░ 2 ╨╜╨░╤З╨╜╨╡╤В╤Б╤П ╤З╨╡╤А╨╡╨╖ 1000┬а╨╝╤Б. The process cannot access the file 'C:\000\projects\troglobit\VantuzLauncher\bin\Debug\net8.0-windows\win-x64\Vantuz.Host.dll' because it is being used by another process. "VantuzLauncher (11228), .NET Host (19408)" ╨▒╨╗╨╛╨║╨╕╤А╤Г╨╡╤В ╤Н╤В╨╛╤В ╤Д╨░╨╣╨╗ [C:\000\projects\troglobit\VantuzLauncher\VantuzLauncher.csproj]
C:\Program Files\dotnet\sdk\8.0.420\Microsoft.Common.CurrentVersion.targets(5034,5): warning MSB3026: ╨╜╨╡ ╤Г╨┤╨░╨╗╨╛╤Б╤М ╤Б╨║╨╛╨┐╨╕╤А╨╛╨▓╨░╤В╤М "C:\000\projects\troglobit\VantuzLauncher\Vantuz.Host\bin\Debug\net8.0\Vantuz.Host.dll" ╨▓ "bin\Debug\net8.0-windows\win-x64\Vantuz.Host.dll". ╨Я╨╛╨▓╤В╨╛╤А╨╜╨░╤П ╨┐╨╛╨┐╤Л╤В╨║╨░ 3 ╨╜╨░╤З╨╜╨╡╤В╤Б╤П ╤З╨╡╤А╨╡╨╖ 1000┬а╨╝╤Б. The process cannot access the file 'C:\000\projects\troglobit\VantuzLauncher\bin\Debug\net8.0-windows\win-x64\Vantuz.Host.dll' because it is being used by another process. "VantuzLauncher (11228), .NET Host (19408)" ╨▒╨╗╨╛╨║╨╕╤А╤Г╨╡╤В ╤Н╤В╨╛╤В ╤Д╨░╨╣╨╗ [C:\000\projects\troglobit\VantuzLauncher\VantuzLauncher.csproj]
C:\Program Files\dotnet\sdk\8.0.420\Microsoft.Common.CurrentVersion.targets(5034,5): warning MSB3026: ╨╜╨╡ ╤Г╨┤╨░╨╗╨╛╤Б╤М ╤Б╨║╨╛╨┐╨╕╤А╨╛╨▓╨░╤В╤М "C:\000\projects\troglobit\VantuzLauncher\Vantuz.Core\bin\Debug\net8.0\Vantuz.Core.dll" ╨▓ "bin\Debug\net8.0-windows\win-x64\Vantuz.Core.dll". ╨Я╨╛╨▓╤В╨╛╤А╨╜╨░╤П ╨┐╨╛╨┐╤Л╤В╨║╨░ 3 ╨╜╨░╤З╨╜╨╡╤В╤Б╤П ╤З╨╡╤А╨╡╨╖ 1000┬а╨╝╤Б. The process cannot access the file 'C:\000\projects\troglobit\VantuzLauncher\bin\Debug\net8.0-windows\win-x64\Vantuz.Core.dll' because it is being used by another process. "VantuzLauncher (11228), .NET Host (19408)" ╨▒╨╗╨╛╨║╨╕╤А╤Г╨╡╤В ╤Н╤В╨╛╤В ╤Д╨░╨╣╨╗ [C:\000\projects\troglobit\VantuzLauncher\VantuzLauncher.csproj]
C:\Program Files\dotnet\sdk\8.0.420\Microsoft.Common.CurrentVersion.targets(5034,5): warning MSB3026: ╨╜╨╡ ╤Г╨┤╨░╨╗╨╛╤Б╤М ╤Б╨║╨╛╨┐╨╕╤А╨╛╨▓╨░╤В╤М "C:\000\projects\troglobit\VantuzLauncher\Vantuz.Host\bin\Debug\net8.0\Vantuz.Host.dll" ╨▓ "bin\Debug\net8.0-windows\win-x64\Vantuz.Host.dll". ╨Я╨╛╨▓╤В╨╛╤А╨╜╨░╤П ╨┐╨╛╨┐╤Л╤В╨║╨░ 4 ╨╜╨░╤З╨╜╨╡╤В╤Б╤П ╤З╨╡╤А╨╡╨╖ 1000┬а╨╝╤Б. The process cannot access the file 'C:\000\projects\troglobit\VantuzLauncher\bin\Debug\net8.0-windows\win-x64\Vantuz.Host.dll' because it is being used by another process. "VantuzLauncher (11228), .NET Host (19408)" ╨▒╨╗╨╛╨║╨╕╤А╤Г╨╡╤В ╤Н╤В╨╛╤В ╤Д╨░╨╣╨╗ [C:\000\projects\troglobit\VantuzLauncher\VantuzLauncher.csproj]
C:\Program Files\dotnet\sdk\8.0.420\Microsoft.Common.CurrentVersion.targets(5034,5): warning MSB3026: ╨╜╨╡ ╤Г╨┤╨░╨╗╨╛╤Б╤М ╤Б╨║╨╛╨┐╨╕╤А╨╛╨▓╨░╤В╤М "C:\000\projects\troglobit\VantuzLauncher\Vantuz.Core\bin\Debug\net8.0\Vantuz.Core.dll" ╨▓ "bin\Debug\net8.0-windows\win-x64\Vantuz.Core.dll". ╨Я╨╛╨▓╤В╨╛╤А╨╜╨░╤П ╨┐╨╛╨┐╤Л╤В╨║╨░ 4 ╨╜╨░╤З╨╜╨╡╤В╤Б╤П ╤З╨╡╤А╨╡╨╖ 1000┬а╨╝╤Б. The process cannot access the file 'C:\000\projects\troglobit\VantuzLauncher\bin\Debug\net8.0-windows\win-x64\Vantuz.Core.dll' because it is being used by another process. "VantuzLauncher (11228), .NET Host (19408)" ╨▒╨╗╨╛╨║╨╕╤А╤Г╨╡╤В ╤Н╤В╨╛╤В ╤Д╨░╨╣╨╗ [C:\000\projects\troglobit\VantuzLauncher\VantuzLauncher.csproj]
C:\Program Files\dotnet\sdk\8.0.420\Microsoft.Common.CurrentVersion.targets(5034,5): warning MSB3026: ╨╜╨╡ ╤Г╨┤╨░╨╗╨╛╤Б╤М ╤Б╨║╨╛╨┐╨╕╤А╨╛╨▓╨░╤В╤М "C:\000\projects\troglobit\VantuzLauncher\Vantuz.Core\bin\Debug\net8.0\Vantuz.Core.dll" ╨▓ "bin\Debug\net8.0-windows\win-x64\Vantuz.Core.dll". ╨Я╨╛╨▓╤В╨╛╤А╨╜╨░╤П ╨┐╨╛╨┐╤Л╤В╨║╨░ 5 ╨╜╨░╤З╨╜╨╡╤В╤Б╤П ╤З╨╡╤А╨╡╨╖ 1000┬а╨╝╤Б. The process cannot access the file 'C:\000\projects\troglobit\VantuzLauncher\bin\Debug\net8.0-windows\win-x64\Vantuz.Core.dll' because it is being used by another process. "VantuzLauncher (11228), .NET Host (19408)" ╨▒╨╗╨╛╨║╨╕╤А╤Г╨╡╤В ╤Н╤В╨╛╤В ╤Д╨░╨╣╨╗ [C:\000\projects\troglobit\VantuzLauncher\VantuzLauncher.csproj]
C:\Program Files\dotnet\sdk\8.0.420\Microsoft.Common.CurrentVersion.targets(5034,5): warning MSB3026: ╨╜╨╡ ╤Г╨┤╨░╨╗╨╛╤Б╤М ╤Б╨║╨╛╨┐╨╕╤А╨╛╨▓╨░╤В╤М "C:\000\projects\troglobit\VantuzLauncher\Vantuz.Host\bin\Debug\net8.0\Vantuz.Host.dll" ╨▓ "bin\Debug\net8.0-windows\win-x64\Vantuz.Host.dll". ╨Я╨╛╨▓╤В╨╛╤А╨╜╨░╤П ╨┐╨╛╨┐╤Л╤В╨║╨░ 5 ╨╜╨░╤З╨╜╨╡╤В╤Б╤П ╤З╨╡╤А╨╡╨╖ 1000┬а╨╝╤Б. The process cannot access the file 'C:\000\projects\troglobit\VantuzLauncher\bin\Debug\net8.0-windows\win-x64\Vantuz.Host.dll' because it is being used by another process. "VantuzLauncher (11228)" ╨▒╨╗╨╛╨║╨╕╤А╤Г╨╡╤В ╤Н╤В╨╛╤В ╤Д╨░╨╣╨╗ [C:\000\projects\troglobit\VantuzLauncher\VantuzLauncher.csproj]
C:\Program Files\dotnet\sdk\8.0.420\Microsoft.Common.CurrentVersion.targets(5034,5): warning MSB3026: ╨╜╨╡ ╤Г╨┤╨░╨╗╨╛╤Б╤М ╤Б╨║╨╛╨┐╨╕╤А╨╛╨▓╨░╤В╤М "C:\000\projects\troglobit\VantuzLauncher\Vantuz.Host\bin\Debug\net8.0\Vantuz.Host.dll" ╨▓ "bin\Debug\net8.0-windows\win-x64\Vantuz.Host.dll". ╨Я╨╛╨▓╤В╨╛╤А╨╜╨░╤П ╨┐╨╛╨┐╤Л╤В╨║╨░ 6 ╨╜╨░╤З╨╜╨╡╤В╤Б╤П ╤З╨╡╤А╨╡╨╖ 1000┬а╨╝╤Б. The process cannot access the file 'C:\000\projects\troglobit\VantuzLauncher\bin\Debug\net8.0-windows\win-x64\Vantuz.Host.dll' because it is being used by another process. "VantuzLauncher (11228)" ╨▒╨╗╨╛╨║╨╕╤А╤Г╨╡╤В ╤Н╤В╨╛╤В ╤Д╨░╨╣╨╗ [C:\000\projects\troglobit\VantuzLauncher\VantuzLauncher.csproj]
C:\Program Files\dotnet\sdk\8.0.420\Microsoft.Common.CurrentVersion.targets(5034,5): warning MSB3026: ╨╜╨╡ ╤Г╨┤╨░╨╗╨╛╤Б╤М ╤Б╨║╨╛╨┐╨╕╤А╨╛╨▓╨░╤В╤М "C:\000\projects\troglobit\VantuzLauncher\Vantuz.Core\bin\Debug\net8.0\Vantuz.Core.dll" ╨▓ "bin\Debug\net8.0-windows\win-x64\Vantuz.Core.dll". ╨Я╨╛╨▓╤В╨╛╤А╨╜╨░╤П ╨┐╨╛╨┐╤Л╤В╨║╨░ 6 ╨╜╨░╤З╨╜╨╡╤В╤Б╤П ╤З╨╡╤А╨╡╨╖ 1000┬а╨╝╤Б. The process cannot access the file 'C:\000\projects\troglobit\VantuzLauncher\bin\Debug\net8.0-windows\win-x64\Vantuz.Core.dll' because it is being used by another process. "VantuzLauncher (11228)" ╨▒╨╗╨╛╨║╨╕╤А╤Г╨╡╤В ╤Н╤В╨╛╤В ╤Д╨░╨╣╨╗ [C:\000\projects\troglobit\VantuzLauncher\VantuzLauncher.csproj]
C:\Program Files\dotnet\sdk\8.0.420\Microsoft.Common.CurrentVersion.targets(5034,5): warning MSB3026: ╨╜╨╡ ╤Г╨┤╨░╨╗╨╛╤Б╤М ╤Б╨║╨╛╨┐╨╕╤А╨╛╨▓╨░╤В╤М "C:\000\projects\troglobit\VantuzLauncher\Vantuz.Host\bin\Debug\net8.0\Vantuz.Host.dll" ╨▓ "bin\Debug\net8.0-windows\win-x64\Vantuz.Host.dll". ╨Я╨╛╨▓╤В╨╛╤А╨╜╨░╤П ╨┐╨╛╨┐╤Л╤В╨║╨░ 7 ╨╜╨░╤З╨╜╨╡╤В╤Б╤П ╤З╨╡╤А╨╡╨╖ 1000┬а╨╝╤Б. The process cannot access the file 'C:\000\projects\troglobit\VantuzLauncher\bin\Debug\net8.0-windows\win-x64\Vantuz.Host.dll' because it is being used by another process. "VantuzLauncher (11228)" ╨▒╨╗╨╛╨║╨╕╤А╤Г╨╡╤В ╤Н╤В╨╛╤В ╤Д╨░╨╣╨╗ [C:\000\projects\troglobit\VantuzLauncher\VantuzLauncher.csproj]
C:\Program Files\dotnet\sdk\8.0.420\Microsoft.Common.CurrentVersion.targets(5034,5): warning MSB3026: ╨╜╨╡ ╤Г╨┤╨░╨╗╨╛╤Б╤М ╤Б╨║╨╛╨┐╨╕╤А╨╛╨▓╨░╤В╤М "C:\000\projects\troglobit\VantuzLauncher\Vantuz.Core\bin\Debug\net8.0\Vantuz.Core.dll" ╨▓ "bin\Debug\net8.0-windows\win-x64\Vantuz.Core.dll". ╨Я╨╛╨▓╤В╨╛╤А╨╜╨░╤П ╨┐╨╛╨┐╤Л╤В╨║╨░ 7 ╨╜╨░╤З╨╜╨╡╤В╤Б╤П ╤З╨╡╤А╨╡╨╖ 1000┬а╨╝╤Б. The process cannot access the file 'C:\000\projects\troglobit\VantuzLauncher\bin\Debug\net8.0-windows\win-x64\Vantuz.Core.dll' because it is being used by another process. "VantuzLauncher (11228)" ╨▒╨╗╨╛╨║╨╕╤А╤Г╨╡╤В ╤Н╤В╨╛╤В ╤Д╨░╨╣╨╗ [C:\000\projects\troglobit\VantuzLauncher\VantuzLauncher.csproj]
C:\Program Files\dotnet\sdk\8.0.420\Microsoft.Common.CurrentVersion.targets(5034,5): warning MSB3026: ╨╜╨╡ ╤Г╨┤╨░╨╗╨╛╤Б╤М ╤Б╨║╨╛╨┐╨╕╤А╨╛╨▓╨░╤В╤М "C:\000\projects\troglobit\VantuzLauncher\Vantuz.Host\bin\Debug\net8.0\Vantuz.Host.dll" ╨▓ "bin\Debug\net8.0-windows\win-x64\Vantuz.Host.dll". ╨Я╨╛╨▓╤В╨╛╤А╨╜╨░╤П ╨┐╨╛╨┐╤Л╤В╨║╨░ 8 ╨╜╨░╤З╨╜╨╡╤В╤Б╤П ╤З╨╡╤А╨╡╨╖ 1000┬а╨╝╤Б. The process cannot access the file 'C:\000\projects\troglobit\VantuzLauncher\bin\Debug\net8.0-windows\win-x64\Vantuz.Host.dll' because it is being used by another process. "VantuzLauncher (11228)" ╨▒╨╗╨╛╨║╨╕╤А╤Г╨╡╤В ╤Н╤В╨╛╤В ╤Д╨░╨╣╨╗ [C:\000\projects\troglobit\VantuzLauncher\VantuzLauncher.csproj]
C:\Program Files\dotnet\sdk\8.0.420\Microsoft.Common.CurrentVersion.targets(5034,5): warning MSB3026: ╨╜╨╡ ╤Г╨┤╨░╨╗╨╛╤Б╤М ╤Б╨║╨╛╨┐╨╕╤А╨╛╨▓╨░╤В╤М "C:\000\projects\troglobit\VantuzLauncher\Vantuz.Core\bin\Debug\net8.0\Vantuz.Core.dll" ╨▓ "bin\Debug\net8.0-windows\win-x64\Vantuz.Core.dll". ╨Я╨╛╨▓╤В╨╛╤А╨╜╨░╤П ╨┐╨╛╨┐╤Л╤В╨║╨░ 8 ╨╜╨░╤З╨╜╨╡╤В╤Б╤П ╤З╨╡╤А╨╡╨╖ 1000┬а╨╝╤Б. The process cannot access the file 'C:\000\projects\troglobit\VantuzLauncher\bin\Debug\net8.0-windows\win-x64\Vantuz.Core.dll' because it is being used by another process. "VantuzLauncher (11228)" ╨▒╨╗╨╛╨║╨╕╤А╤Г╨╡╤В ╤Н╤В╨╛╤В ╤Д╨░╨╣╨╗ [C:\000\projects\troglobit\VantuzLauncher\VantuzLauncher.csproj]
C:\Program Files\dotnet\sdk\8.0.420\Microsoft.Common.CurrentVersion.targets(5034,5): warning MSB3026: ╨╜╨╡ ╤Г╨┤╨░╨╗╨╛╤Б╤М ╤Б╨║╨╛╨┐╨╕╤А╨╛╨▓╨░╤В╤М "C:\000\projects\troglobit\VantuzLauncher\Vantuz.Host\bin\Debug\net8.0\Vantuz.Host.dll" ╨▓ "bin\Debug\net8.0-windows\win-x64\Vantuz.Host.dll". ╨Я╨╛╨▓╤В╨╛╤А╨╜╨░╤П ╨┐╨╛╨┐╤Л╤В╨║╨░ 9 ╨╜╨░╤З╨╜╨╡╤В╤Б╤П ╤З╨╡╤А╨╡╨╖ 1000┬а╨╝╤Б. The process cannot access the file 'C:\000\projects\troglobit\VantuzLauncher\bin\Debug\net8.0-windows\win-x64\Vantuz.Host.dll' because it is being used by another process. "VantuzLauncher (11228)" ╨▒╨╗╨╛╨║╨╕╤А╤Г╨╡╤В ╤Н╤В╨╛╤В ╤Д╨░╨╣╨╗ [C:\000\projects\troglobit\VantuzLauncher\VantuzLauncher.csproj]
C:\Program Files\dotnet\sdk\8.0.420\Microsoft.Common.CurrentVersion.targets(5034,5): warning MSB3026: ╨╜╨╡ ╤Г╨┤╨░╨╗╨╛╤Б╤М ╤Б╨║╨╛╨┐╨╕╤А╨╛╨▓╨░╤В╤М "C:\000\projects\troglobit\VantuzLauncher\Vantuz.Core\bin\Debug\net8.0\Vantuz.Core.dll" ╨▓ "bin\Debug\net8.0-windows\win-x64\Vantuz.Core.dll". ╨Я╨╛╨▓╤В╨╛╤А╨╜╨░╤П ╨┐╨╛╨┐╤Л╤В╨║╨░ 9 ╨╜╨░╤З╨╜╨╡╤В╤Б╤П ╤З╨╡╤А╨╡╨╖ 1000┬а╨╝╤Б. The process cannot access the file 'C:\000\projects\troglobit\VantuzLauncher\bin\Debug\net8.0-windows\win-x64\Vantuz.Core.dll' because it is being used by another process. "VantuzLauncher (11228)" ╨▒╨╗╨╛╨║╨╕╤А╤Г╨╡╤В ╤Н╤В╨╛╤В ╤Д╨░╨╣╨╗ [C:\000\projects\troglobit\VantuzLauncher\VantuzLauncher.csproj]
C:\Program Files\dotnet\sdk\8.0.420\Microsoft.Common.CurrentVersion.targets(5034,5): warning MSB3026: ╨╜╨╡ ╤Г╨┤╨░╨╗╨╛╤Б╤М ╤Б╨║╨╛╨┐╨╕╤А╨╛╨▓╨░╤В╤М "C:\000\projects\troglobit\VantuzLauncher\Vantuz.Host\bin\Debug\net8.0\Vantuz.Host.dll" ╨▓ "bin\Debug\net8.0-windows\win-x64\Vantuz.Host.dll". ╨Я╨╛╨▓╤В╨╛╤А╨╜╨░╤П ╨┐╨╛╨┐╤Л╤В╨║╨░ 10 ╨╜╨░╤З╨╜╨╡╤В╤Б╤П ╤З╨╡╤А╨╡╨╖ 1000┬а╨╝╤Б. The process cannot access the file 'C:\000\projects\troglobit\VantuzLauncher\bin\Debug\net8.0-windows\win-x64\Vantuz.Host.dll' because it is being used by another process. "VantuzLauncher (11228)" ╨▒╨╗╨╛╨║╨╕╤А╤Г╨╡╤В ╤Н╤В╨╛╤В ╤Д╨░╨╣╨╗ [C:\000\projects\troglobit\VantuzLauncher\VantuzLauncher.csproj]
C:\Program Files\dotnet\sdk\8.0.420\Microsoft.Common.CurrentVersion.targets(5034,5): warning MSB3026: ╨╜╨╡ ╤Г╨┤╨░╨╗╨╛╤Б╤М ╤Б╨║╨╛╨┐╨╕╤А╨╛╨▓╨░╤В╤М "C:\000\projects\troglobit\VantuzLauncher\Vantuz.Core\bin\Debug\net8.0\Vantuz.Core.dll" ╨▓ "bin\Debug\net8.0-windows\win-x64\Vantuz.Core.dll". ╨Я╨╛╨▓╤В╨╛╤А╨╜╨░╤П ╨┐╨╛╨┐╤Л╤В╨║╨░ 10 ╨╜╨░╤З╨╜╨╡╤В╤Б╤П ╤З╨╡╤А╨╡╨╖ 1000┬а╨╝╤Б. The process cannot access the file 'C:\000\projects\troglobit\VantuzLauncher\bin\Debug\net8.0-windows\win-x64\Vantuz.Core.dll' because it is being used by another process. "VantuzLauncher (11228)" ╨▒╨╗╨╛╨║╨╕╤А╤Г╨╡╤В ╤Н╤В╨╛╤В ╤Д╨░╨╣╨╗ [C:\000\projects\troglobit\VantuzLauncher\VantuzLauncher.csproj]
C:\Program Files\dotnet\sdk\8.0.420\Microsoft.Common.CurrentVersion.targets(5034,5): error MSB3027: ╨╜╨╡ ╤Г╨┤╨░╨╗╨╛╤Б╤М ╤Б╨║╨╛╨┐╨╕╤А╨╛╨▓╨░╤В╤М "C:\000\projects\troglobit\VantuzLauncher\Vantuz.Core\bin\Debug\net8.0\Vantuz.Core.dll" ╨▓ "bin\Debug\net8.0-windows\win-x64\Vantuz.Core.dll". ╨Я╤А╨╡╨▓╤Л╤И╨╡╨╜╨╛ ╨┤╨╛╨┐╤Г╤Б╤В╨╕╨╝╨╛╨╡ ╤З╨╕╤Б╨╗╨╛ ╨┐╨╛╨▓╤В╨╛╤А╨╜╤Л╤Е ╨┐╨╛╨┐╤Л╤В╨╛╨║ (10). ╨Я╤А╨╛╨╕╨╖╨╛╤И╨╡╨╗ ╤Б╨▒╨╛╨╣. "VantuzLauncher (11228)" ╨▒╨╗╨╛╨║╨╕╤А╤Г╨╡╤В ╤Н╤В╨╛╤В ╤Д╨░╨╣╨╗ [C:\000\projects\troglobit\VantuzLauncher\VantuzLauncher.csproj]
C:\Program Files\dotnet\sdk\8.0.420\Microsoft.Common.CurrentVersion.targets(5034,5): error MSB3021: ╨╜╨╡ ╤Г╨┤╨░╨╗╨╛╤Б╤М ╤Б╨║╨╛╨┐╨╕╤А╨╛╨▓╨░╤В╤М ╤Д╨░╨╣╨╗ "C:\000\projects\troglobit\VantuzLauncher\Vantuz.Core\bin\Debug\net8.0\Vantuz.Core.dll" ╨▓ "bin\Debug\net8.0-windows\win-x64\Vantuz.Core.dll". The process cannot access the file 'C:\000\projects\troglobit\VantuzLauncher\bin\Debug\net8.0-windows\win-x64\Vantuz.Core.dll' because it is being used by another process. [C:\000\projects\troglobit\VantuzLauncher\VantuzLauncher.csproj]
C:\Program Files\dotnet\sdk\8.0.420\Microsoft.Common.CurrentVersion.targets(5034,5): error MSB3027: ╨╜╨╡ ╤Г╨┤╨░╨╗╨╛╤Б╤М ╤Б╨║╨╛╨┐╨╕╤А╨╛╨▓╨░╤В╤М "C:\000\projects\troglobit\VantuzLauncher\Vantuz.Host\bin\Debug\net8.0\Vantuz.Host.dll" ╨▓ "bin\Debug\net8.0-windows\win-x64\Vantuz.Host.dll". ╨Я╤А╨╡╨▓╤Л╤И╨╡╨╜╨╛ ╨┤╨╛╨┐╤Г╤Б╤В╨╕╨╝╨╛╨╡ ╤З╨╕╤Б╨╗╨╛ ╨┐╨╛╨▓╤В╨╛╤А╨╜╤Л╤Е ╨┐╨╛╨┐╤Л╤В╨╛╨║ (10). ╨Я╤А╨╛╨╕╨╖╨╛╤И╨╡╨╗ ╤Б╨▒╨╛╨╣. "VantuzLauncher (11228)" ╨▒╨╗╨╛╨║╨╕╤А╤Г╨╡╤В ╤Н╤В╨╛╤В ╤Д╨░╨╣╨╗ [C:\000\projects\troglobit\VantuzLauncher\VantuzLauncher.csproj]
C:\Program Files\dotnet\sdk\8.0.420\Microsoft.Common.CurrentVersion.targets(5034,5): error MSB3021: ╨╜╨╡ ╤Г╨┤╨░╨╗╨╛╤Б╤М ╤Б╨║╨╛╨┐╨╕╤А╨╛╨▓╨░╤В╤М ╤Д╨░╨╣╨╗ "C:\000\projects\troglobit\VantuzLauncher\Vantuz.Host\bin\Debug\net8.0\Vantuz.Host.dll" ╨▓ "bin\Debug\net8.0-windows\win-x64\Vantuz.Host.dll". The process cannot access the file 'C:\000\projects\troglobit\VantuzLauncher\bin\Debug\net8.0-windows\win-x64\Vantuz.Host.dll' because it is being used by another process. [C:\000\projects\troglobit\VantuzLauncher\VantuzLauncher.csproj]

╨Ю╤И╨╕╨▒╨║╨░ ╤Б╨▒╨╛╤А╨║╨╕.

C:\Program Files\dotnet\sdk\8.0.420\Microsoft.Common.CurrentVersion.targets(5034,5): warning MSB3026: ╨╜╨╡ ╤Г╨┤╨░╨╗╨╛╤Б╤М ╤Б╨║╨╛╨┐╨╕╤А╨╛╨▓╨░╤В╤М "C:\000\projects\troglobit\VantuzLauncher\Vantuz.Core\bin\Debug\net8.0\Vantuz.Core.dll" ╨▓ "bin\Debug\net8.0-windows\win-x64\Vantuz.Core.dll". ╨Я╨╛╨▓╤В╨╛╤А╨╜╨░╤П ╨┐╨╛╨┐╤Л╤В╨║╨░ 1 ╨╜╨░╤З╨╜╨╡╤В╤Б╤П ╤З╨╡╤А╨╡╨╖ 1000┬а╨╝╤Б. The process cannot access the file 'C:\000\projects\troglobit\VantuzLauncher\bin\Debug\net8.0-windows\win-x64\Vantuz.Core.dll' because it is being used by another process. "VantuzLauncher (11228)" ╨▒╨╗╨╛╨║╨╕╤А╤Г╨╡╤В ╤Н╤В╨╛╤В ╤Д╨░╨╣╨╗ [C:\000\projects\troglobit\VantuzLauncher\VantuzLauncher.csproj]
C:\Program Files\dotnet\sdk\8.0.420\Microsoft.Common.CurrentVersion.targets(5034,5): warning MSB3026: ╨╜╨╡ ╤Г╨┤╨░╨╗╨╛╤Б╤М ╤Б╨║╨╛╨┐╨╕╤А╨╛╨▓╨░╤В╤М "C:\000\projects\troglobit\VantuzLauncher\Vantuz.Host\bin\Debug\net8.0\Vantuz.Host.dll" ╨▓ "bin\Debug\net8.0-windows\win-x64\Vantuz.Host.dll". ╨Я╨╛╨▓╤В╨╛╤А╨╜╨░╤П ╨┐╨╛╨┐╤Л╤В╨║╨░ 1 ╨╜╨░╤З╨╜╨╡╤В╤Б╤П ╤З╨╡╤А╨╡╨╖ 1000┬а╨╝╤Б. The process cannot access the file 'C:\000\projects\troglobit\VantuzLauncher\bin\Debug\net8.0-windows\win-x64\Vantuz.Host.dll' because it is being used by another process. "VantuzLauncher (11228), .NET Host (19408)" ╨▒╨╗╨╛╨║╨╕╤А╤Г╨╡╤В ╤Н╤В╨╛╤В ╤Д╨░╨╣╨╗ [C:\000\projects\troglobit\VantuzLauncher\VantuzLauncher.csproj]
C:\Program Files\dotnet\sdk\8.0.420\Microsoft.Common.CurrentVersion.targets(5034,5): warning MSB3026: ╨╜╨╡ ╤Г╨┤╨░╨╗╨╛╤Б╤М ╤Б╨║╨╛╨┐╨╕╤А╨╛╨▓╨░╤В╤М "C:\000\projects\troglobit\VantuzLauncher\Vantuz.Core\bin\Debug\net8.0\Vantuz.Core.dll" ╨▓ "bin\Debug\net8.0-windows\win-x64\Vantuz.Core.dll". ╨Я╨╛╨▓╤В╨╛╤А╨╜╨░╤П ╨┐╨╛╨┐╤Л╤В╨║╨░ 2 ╨╜╨░╤З╨╜╨╡╤В╤Б╤П ╤З╨╡╤А╨╡╨╖ 1000┬а╨╝╤Б. The process cannot access the file 'C:\000\projects\troglobit\VantuzLauncher\bin\Debug\net8.0-windows\win-x64\Vantuz.Core.dll' because it is being used by another process. "VantuzLauncher (11228), .NET Host (19408)" ╨▒╨╗╨╛╨║╨╕╤А╤Г╨╡╤В ╤Н╤В╨╛╤В ╤Д╨░╨╣╨╗ [C:\000\projects\troglobit\VantuzLauncher\VantuzLauncher.csproj]
C:\Program Files\dotnet\sdk\8.0.420\Microsoft.Common.CurrentVersion.targets(5034,5): warning MSB3026: ╨╜╨╡ ╤Г╨┤╨░╨╗╨╛╤Б╤М ╤Б╨║╨╛╨┐╨╕╤А╨╛╨▓╨░╤В╤М "C:\000\projects\troglobit\VantuzLauncher\Vantuz.Host\bin\Debug\net8.0\Vantuz.Host.dll" ╨▓ "bin\Debug\net8.0-windows\win-x64\Vantuz.Host.dll". ╨Я╨╛╨▓╤В╨╛╤А╨╜╨░╤П ╨┐╨╛╨┐╤Л╤В╨║╨░ 2 ╨╜╨░╤З╨╜╨╡╤В╤Б╤П ╤З╨╡╤А╨╡╨╖ 1000┬а╨╝╤Б. The process cannot access the file 'C:\000\projects\troglobit\VantuzLauncher\bin\Debug\net8.0-windows\win-x64\Vantuz.Host.dll' because it is being used by another process. "VantuzLauncher (11228), .NET Host (19408)" ╨▒╨╗╨╛╨║╨╕╤А╤Г╨╡╤В ╤Н╤В╨╛╤В ╤Д╨░╨╣╨╗ [C:\000\projects\troglobit\VantuzLauncher\VantuzLauncher.csproj]
C:\Program Files\dotnet\sdk\8.0.420\Microsoft.Common.CurrentVersion.targets(5034,5): warning MSB3026: ╨╜╨╡ ╤Г╨┤╨░╨╗╨╛╤Б╤М ╤Б╨║╨╛╨┐╨╕╤А╨╛╨▓╨░╤В╤М "C:\000\projects\troglobit\VantuzLauncher\Vantuz.Host\bin\Debug\net8.0\Vantuz.Host.dll" ╨▓ "bin\Debug\net8.0-windows\win-x64\Vantuz.Host.dll". ╨Я╨╛╨▓╤В╨╛╤А╨╜╨░╤П ╨┐╨╛╨┐╤Л╤В╨║╨░ 3 ╨╜╨░╤З╨╜╨╡╤В╤Б╤П ╤З╨╡╤А╨╡╨╖ 1000┬а╨╝╤Б. The process cannot access the file 'C:\000\projects\troglobit\VantuzLauncher\bin\Debug\net8.0-windows\win-x64\Vantuz.Host.dll' because it is being used by another process. "VantuzLauncher (11228), .NET Host (19408)" ╨▒╨╗╨╛╨║╨╕╤А╤Г╨╡╤В ╤Н╤В╨╛╤В ╤Д╨░╨╣╨╗ [C:\000\projects\troglobit\VantuzLauncher\VantuzLauncher.csproj]
C:\Program Files\dotnet\sdk\8.0.420\Microsoft.Common.CurrentVersion.targets(5034,5): warning MSB3026: ╨╜╨╡ ╤Г╨┤╨░╨╗╨╛╤Б╤М ╤Б╨║╨╛╨┐╨╕╤А╨╛╨▓╨░╤В╤М "C:\000\projects\troglobit\VantuzLauncher\Vantuz.Core\bin\Debug\net8.0\Vantuz.Core.dll" ╨▓ "bin\Debug\net8.0-windows\win-x64\Vantuz.Core.dll". ╨Я╨╛╨▓╤В╨╛╤А╨╜╨░╤П ╨┐╨╛╨┐╤Л╤В╨║╨░ 3 ╨╜╨░╤З╨╜╨╡╤В╤Б╤П ╤З╨╡╤А╨╡╨╖ 1000┬а╨╝╤Б. The process cannot access the file 'C:\000\projects\troglobit\VantuzLauncher\bin\Debug\net8.0-windows\win-x64\Vantuz.Core.dll' because it is being used by another process. "VantuzLauncher (11228), .NET Host (19408)" ╨▒╨╗╨╛╨║╨╕╤А╤Г╨╡╤В ╤Н╤В╨╛╤В ╤Д╨░╨╣╨╗ [C:\000\projects\troglobit\VantuzLauncher\VantuzLauncher.csproj]
C:\Program Files\dotnet\sdk\8.0.420\Microsoft.Common.CurrentVersion.targets(5034,5): warning MSB3026: ╨╜╨╡ ╤Г╨┤╨░╨╗╨╛╤Б╤М ╤Б╨║╨╛╨┐╨╕╤А╨╛╨▓╨░╤В╤М "C:\000\projects\troglobit\VantuzLauncher\Vantuz.Host\bin\Debug\net8.0\Vantuz.Host.dll" ╨▓ "bin\Debug\net8.0-windows\win-x64\Vantuz.Host.dll". ╨Я╨╛╨▓╤В╨╛╤А╨╜╨░╤П ╨┐╨╛╨┐╤Л╤В╨║╨░ 4 ╨╜╨░╤З╨╜╨╡╤В╤Б╤П ╤З╨╡╤А╨╡╨╖ 1000┬а╨╝╤Б. The process cannot access the file 'C:\000\projects\troglobit\VantuzLauncher\bin\Debug\net8.0-windows\win-x64\Vantuz.Host.dll' because it is being used by another process. "VantuzLauncher (11228), .NET Host (19408)" ╨▒╨╗╨╛╨║╨╕╤А╤Г╨╡╤В ╤Н╤В╨╛╤В ╤Д╨░╨╣╨╗ [C:\000\projects\troglobit\VantuzLauncher\VantuzLauncher.csproj]
C:\Program Files\dotnet\sdk\8.0.420\Microsoft.Common.CurrentVersion.targets(5034,5): warning MSB3026: ╨╜╨╡ ╤Г╨┤╨░╨╗╨╛╤Б╤М ╤Б╨║╨╛╨┐╨╕╤А╨╛╨▓╨░╤В╤М "C:\000\projects\troglobit\VantuzLauncher\Vantuz.Core\bin\Debug\net8.0\Vantuz.Core.dll" ╨▓ "bin\Debug\net8.0-windows\win-x64\Vantuz.Core.dll". ╨Я╨╛╨▓╤В╨╛╤А╨╜╨░╤П ╨┐╨╛╨┐╤Л╤В╨║╨░ 4 ╨╜╨░╤З╨╜╨╡╤В╤Б╤П ╤З╨╡╤А╨╡╨╖ 1000┬а╨╝╤Б. The process cannot access the file 'C:\000\projects\troglobit\VantuzLauncher\bin\Debug\net8.0-windows\win-x64\Vantuz.Core.dll' because it is being used by another process. "VantuzLauncher (11228), .NET Host (19408)" ╨▒╨╗╨╛╨║╨╕╤А╤Г╨╡╤В ╤Н╤В╨╛╤В ╤Д╨░╨╣╨╗ [C:\000\projects\troglobit\VantuzLauncher\VantuzLauncher.csproj]
C:\Program Files\dotnet\sdk\8.0.420\Microsoft.Common.CurrentVersion.targets(5034,5): warning MSB3026: ╨╜╨╡ ╤Г╨┤╨░╨╗╨╛╤Б╤М ╤Б╨║╨╛╨┐╨╕╤А╨╛╨▓╨░╤В╤М "C:\000\projects\troglobit\VantuzLauncher\Vantuz.Core\bin\Debug\net8.0\Vantuz.Core.dll" ╨▓ "bin\Debug\net8.0-windows\win-x64\Vantuz.Core.dll". ╨Я╨╛╨▓╤В╨╛╤А╨╜╨░╤П ╨┐╨╛╨┐╤Л╤В╨║╨░ 5 ╨╜╨░╤З╨╜╨╡╤В╤Б╤П ╤З╨╡╤А╨╡╨╖ 1000┬а╨╝╤Б. The process cannot access the file 'C:\000\projects\troglobit\VantuzLauncher\bin\Debug\net8.0-windows\win-x64\Vantuz.Core.dll' because it is being used by another process. "VantuzLauncher (11228), .NET Host (19408)" ╨▒╨╗╨╛╨║╨╕╤А╤Г╨╡╤В ╤Н╤В╨╛╤В ╤Д╨░╨╣╨╗ [C:\000\projects\troglobit\VantuzLauncher\VantuzLauncher.csproj]
C:\Program Files\dotnet\sdk\8.0.420\Microsoft.Common.CurrentVersion.targets(5034,5): warning MSB3026: ╨╜╨╡ ╤Г╨┤╨░╨╗╨╛╤Б╤М ╤Б╨║╨╛╨┐╨╕╤А╨╛╨▓╨░╤В╤М "C:\000\projects\troglobit\VantuzLauncher\Vantuz.Host\bin\Debug\net8.0\Vantuz.Host.dll" ╨▓ "bin\Debug\net8.0-windows\win-x64\Vantuz.Host.dll". ╨Я╨╛╨▓╤В╨╛╤А╨╜╨░╤П ╨┐╨╛╨┐╤Л╤В╨║╨░ 5 ╨╜╨░╤З╨╜╨╡╤В╤Б╤П ╤З╨╡╤А╨╡╨╖ 1000┬а╨╝╤Б. The process cannot access the file 'C:\000\projects\troglobit\VantuzLauncher\bin\Debug\net8.0-windows\win-x64\Vantuz.Host.dll' because it is being used by another process. "VantuzLauncher (11228)" ╨▒╨╗╨╛╨║╨╕╤А╤Г╨╡╤В ╤Н╤В╨╛╤В ╤Д╨░╨╣╨╗ [C:\000\projects\troglobit\VantuzLauncher\VantuzLauncher.csproj]
C:\Program Files\dotnet\sdk\8.0.420\Microsoft.Common.CurrentVersion.targets(5034,5): warning MSB3026: ╨╜╨╡ ╤Г╨┤╨░╨╗╨╛╤Б╤М ╤Б╨║╨╛╨┐╨╕╤А╨╛╨▓╨░╤В╤М "C:\000\projects\troglobit\VantuzLauncher\Vantuz.Host\bin\Debug\net8.0\Vantuz.Host.dll" ╨▓ "bin\Debug\net8.0-windows\win-x64\Vantuz.Host.dll". ╨Я╨╛╨▓╤В╨╛╤А╨╜╨░╤П ╨┐╨╛╨┐╤Л╤В╨║╨░ 6 ╨╜╨░╤З╨╜╨╡╤В╤Б╤П ╤З╨╡╤А╨╡╨╖ 1000┬а╨╝╤Б. The process cannot access the file 'C:\000\projects\troglobit\VantuzLauncher\bin\Debug\net8.0-windows\win-x64\Vantuz.Host.dll' because it is being used by another process. "VantuzLauncher (11228)" ╨▒╨╗╨╛╨║╨╕╤А╤Г╨╡╤В ╤Н╤В╨╛╤В ╤Д╨░╨╣╨╗ [C:\000\projects\troglobit\VantuzLauncher\VantuzLauncher.csproj]
C:\Program Files\dotnet\sdk\8.0.420\Microsoft.Common.CurrentVersion.targets(5034,5): warning MSB3026: ╨╜╨╡ ╤Г╨┤╨░╨╗╨╛╤Б╤М ╤Б╨║╨╛╨┐╨╕╤А╨╛╨▓╨░╤В╤М "C:\000\projects\troglobit\VantuzLauncher\Vantuz.Core\bin\Debug\net8.0\Vantuz.Core.dll" ╨▓ "bin\Debug\net8.0-windows\win-x64\Vantuz.Core.dll". ╨Я╨╛╨▓╤В╨╛╤А╨╜╨░╤П ╨┐╨╛╨┐╤Л╤В╨║╨░ 6 ╨╜╨░╤З╨╜╨╡╤В╤Б╤П ╤З╨╡╤А╨╡╨╖ 1000┬а╨╝╤Б. The process cannot access the file 'C:\000\projects\troglobit\VantuzLauncher\bin\Debug\net8.0-windows\win-x64\Vantuz.Core.dll' because it is being used by another process. "VantuzLauncher (11228)" ╨▒╨╗╨╛╨║╨╕╤А╤Г╨╡╤В ╤Н╤В╨╛╤В ╤Д╨░╨╣╨╗ [C:\000\projects\troglobit\VantuzLauncher\VantuzLauncher.csproj]
C:\Program Files\dotnet\sdk\8.0.420\Microsoft.Common.CurrentVersion.targets(5034,5): warning MSB3026: ╨╜╨╡ ╤Г╨┤╨░╨╗╨╛╤Б╤М ╤Б╨║╨╛╨┐╨╕╤А╨╛╨▓╨░╤В╤М "C:\000\projects\troglobit\VantuzLauncher\Vantuz.Host\bin\Debug\net8.0\Vantuz.Host.dll" ╨▓ "bin\Debug\net8.0-windows\win-x64\Vantuz.Host.dll". ╨Я╨╛╨▓╤В╨╛╤А╨╜╨░╤П ╨┐╨╛╨┐╤Л╤В╨║╨░ 7 ╨╜╨░╤З╨╜╨╡╤В╤Б╤П ╤З╨╡╤А╨╡╨╖ 1000┬а╨╝╤Б. The process cannot access the file 'C:\000\projects\troglobit\VantuzLauncher\bin\Debug\net8.0-windows\win-x64\Vantuz.Host.dll' because it is being used by another process. "VantuzLauncher (11228)" ╨▒╨╗╨╛╨║╨╕╤А╤Г╨╡╤В ╤Н╤В╨╛╤В ╤Д╨░╨╣╨╗ [C:\000\projects\troglobit\VantuzLauncher\VantuzLauncher.csproj]
C:\Program Files\dotnet\sdk\8.0.420\Microsoft.Common.CurrentVersion.targets(5034,5): warning MSB3026: ╨╜╨╡ ╤Г╨┤╨░╨╗╨╛╤Б╤М ╤Б╨║╨╛╨┐╨╕╤А╨╛╨▓╨░╤В╤М "C:\000\projects\troglobit\VantuzLauncher\Vantuz.Core\bin\Debug\net8.0\Vantuz.Core.dll" ╨▓ "bin\Debug\net8.0-windows\win-x64\Vantuz.Core.dll". ╨Я╨╛╨▓╤В╨╛╤А╨╜╨░╤П ╨┐╨╛╨┐╤Л╤В╨║╨░ 7 ╨╜╨░╤З╨╜╨╡╤В╤Б╤П ╤З╨╡╤А╨╡╨╖ 1000┬а╨╝╤Б. The process cannot access the file 'C:\000\projects\troglobit\VantuzLauncher\bin\Debug\net8.0-windows\win-x64\Vantuz.Core.dll' because it is being used by another process. "VantuzLauncher (11228)" ╨▒╨╗╨╛╨║╨╕╤А╤Г╨╡╤В ╤Н╤В╨╛╤В ╤Д╨░╨╣╨╗ [C:\000\projects\troglobit\VantuzLauncher\VantuzLauncher.csproj]
C:\Program Files\dotnet\sdk\8.0.420\Microsoft.Common.CurrentVersion.targets(5034,5): warning MSB3026: ╨╜╨╡ ╤Г╨┤╨░╨╗╨╛╤Б╤М ╤Б╨║╨╛╨┐╨╕╤А╨╛╨▓╨░╤В╤М "C:\000\projects\troglobit\VantuzLauncher\Vantuz.Host\bin\Debug\net8.0\Vantuz.Host.dll" ╨▓ "bin\Debug\net8.0-windows\win-x64\Vantuz.Host.dll". ╨Я╨╛╨▓╤В╨╛╤А╨╜╨░╤П ╨┐╨╛╨┐╤Л╤В╨║╨░ 8 ╨╜╨░╤З╨╜╨╡╤В╤Б╤П ╤З╨╡╤А╨╡╨╖ 1000┬а╨╝╤Б. The process cannot access the file 'C:\000\projects\troglobit\VantuzLauncher\bin\Debug\net8.0-windows\win-x64\Vantuz.Host.dll' because it is being used by another process. "VantuzLauncher (11228)" ╨▒╨╗╨╛╨║╨╕╤А╤Г╨╡╤В ╤Н╤В╨╛╤В ╤Д╨░╨╣╨╗ [C:\000\projects\troglobit\VantuzLauncher\VantuzLauncher.csproj]
C:\Program Files\dotnet\sdk\8.0.420\Microsoft.Common.CurrentVersion.targets(5034,5): warning MSB3026: ╨╜╨╡ ╤Г╨┤╨░╨╗╨╛╤Б╤М ╤Б╨║╨╛╨┐╨╕╤А╨╛╨▓╨░╤В╤М "C:\000\projects\troglobit\VantuzLauncher\Vantuz.Core\bin\Debug\net8.0\Vantuz.Core.dll" ╨▓ "bin\Debug\net8.0-windows\win-x64\Vantuz.Core.dll". ╨Я╨╛╨▓╤В╨╛╤А╨╜╨░╤П ╨┐╨╛╨┐╤Л╤В╨║╨░ 8 ╨╜╨░╤З╨╜╨╡╤В╤Б╤П ╤З╨╡╤А╨╡╨╖ 1000┬а╨╝╤Б. The process cannot access the file 'C:\000\projects\troglobit\VantuzLauncher\bin\Debug\net8.0-windows\win-x64\Vantuz.Core.dll' because it is being used by another process. "VantuzLauncher (11228)" ╨▒╨╗╨╛╨║╨╕╤А╤Г╨╡╤В ╤Н╤В╨╛╤В ╤Д╨░╨╣╨╗ [C:\000\projects\troglobit\VantuzLauncher\VantuzLauncher.csproj]
C:\Program Files\dotnet\sdk\8.0.420\Microsoft.Common.CurrentVersion.targets(5034,5): warning MSB3026: ╨╜╨╡ ╤Г╨┤╨░╨╗╨╛╤Б╤М ╤Б╨║╨╛╨┐╨╕╤А╨╛╨▓╨░╤В╤М "C:\000\projects\troglobit\VantuzLauncher\Vantuz.Host\bin\Debug\net8.0\Vantuz.Host.dll" ╨▓ "bin\Debug\net8.0-windows\win-x64\Vantuz.Host.dll". ╨Я╨╛╨▓╤В╨╛╤А╨╜╨░╤П ╨┐╨╛╨┐╤Л╤В╨║╨░ 9 ╨╜╨░╤З╨╜╨╡╤В╤Б╤П ╤З╨╡╤А╨╡╨╖ 1000┬а╨╝╤Б. The process cannot access the file 'C:\000\projects\troglobit\VantuzLauncher\bin\Debug\net8.0-windows\win-x64\Vantuz.Host.dll' because it is being used by another process. "VantuzLauncher (11228)" ╨▒╨╗╨╛╨║╨╕╤А╤Г╨╡╤В ╤Н╤В╨╛╤В ╤Д╨░╨╣╨╗ [C:\000\projects\troglobit\VantuzLauncher\VantuzLauncher.csproj]
C:\Program Files\dotnet\sdk\8.0.420\Microsoft.Common.CurrentVersion.targets(5034,5): warning MSB3026: ╨╜╨╡ ╤Г╨┤╨░╨╗╨╛╤Б╤М ╤Б╨║╨╛╨┐╨╕╤А╨╛╨▓╨░╤В╤М "C:\000\projects\troglobit\VantuzLauncher\Vantuz.Core\bin\Debug\net8.0\Vantuz.Core.dll" ╨▓ "bin\Debug\net8.0-windows\win-x64\Vantuz.Core.dll". ╨Я╨╛╨▓╤В╨╛╤А╨╜╨░╤П ╨┐╨╛╨┐╤Л╤В╨║╨░ 9 ╨╜╨░╤З╨╜╨╡╤В╤Б╤П ╤З╨╡╤А╨╡╨╖ 1000┬а╨╝╤Б. The process cannot access the file 'C:\000\projects\troglobit\VantuzLauncher\bin\Debug\net8.0-windows\win-x64\Vantuz.Core.dll' because it is being used by another process. "VantuzLauncher (11228)" ╨▒╨╗╨╛╨║╨╕╤А╤Г╨╡╤В ╤Н╤В╨╛╤В ╤Д╨░╨╣╨╗ [C:\000\projects\troglobit\VantuzLauncher\VantuzLauncher.csproj]
C:\Program Files\dotnet\sdk\8.0.420\Microsoft.Common.CurrentVersion.targets(5034,5): warning MSB3026: ╨╜╨╡ ╤Г╨┤╨░╨╗╨╛╤Б╤М ╤Б╨║╨╛╨┐╨╕╤А╨╛╨▓╨░╤В╤М "C:\000\projects\troglobit\VantuzLauncher\Vantuz.Host\bin\Debug\net8.0\Vantuz.Host.dll" ╨▓ "bin\Debug\net8.0-windows\win-x64\Vantuz.Host.dll". ╨Я╨╛╨▓╤В╨╛╤А╨╜╨░╤П ╨┐╨╛╨┐╤Л╤В╨║╨░ 10 ╨╜╨░╤З╨╜╨╡╤В╤Б╤П ╤З╨╡╤А╨╡╨╖ 1000┬а╨╝╤Б. The process cannot access the file 'C:\000\projects\troglobit\VantuzLauncher\bin\Debug\net8.0-windows\win-x64\Vantuz.Host.dll' because it is being used by another process. "VantuzLauncher (11228)" ╨▒╨╗╨╛╨║╨╕╤А╤Г╨╡╤В ╤Н╤В╨╛╤В ╤Д╨░╨╣╨╗ [C:\000\projects\troglobit\VantuzLauncher\VantuzLauncher.csproj]
C:\Program Files\dotnet\sdk\8.0.420\Microsoft.Common.CurrentVersion.targets(5034,5): warning MSB3026: ╨╜╨╡ ╤Г╨┤╨░╨╗╨╛╤Б╤М ╤Б╨║╨╛╨┐╨╕╤А╨╛╨▓╨░╤В╤М "C:\000\projects\troglobit\VantuzLauncher\Vantuz.Core\bin\Debug\net8.0\Vantuz.Core.dll" ╨▓ "bin\Debug\net8.0-windows\win-x64\Vantuz.Core.dll". ╨Я╨╛╨▓╤В╨╛╤А╨╜╨░╤П ╨┐╨╛╨┐╤Л╤В╨║╨░ 10 ╨╜╨░╤З╨╜╨╡╤В╤Б╤П ╤З╨╡╤А╨╡╨╖ 1000┬а╨╝╤Б. The process cannot access the file 'C:\000\projects\troglobit\VantuzLauncher\bin\Debug\net8.0-windows\win-x64\Vantuz.Core.dll' because it is being used by another process. "VantuzLauncher (11228)" ╨▒╨╗╨╛╨║╨╕╤А╤Г╨╡╤В ╤Н╤В╨╛╤В ╤Д╨░╨╣╨╗ [C:\000\projects\troglobit\VantuzLauncher\VantuzLauncher.csproj]
C:\Program Files\dotnet\sdk\8.0.420\Microsoft.Common.CurrentVersion.targets(5034,5): error MSB3027: ╨╜╨╡ ╤Г╨┤╨░╨╗╨╛╤Б╤М ╤Б╨║╨╛╨┐╨╕╤А╨╛╨▓╨░╤В╤М "C:\000\projects\troglobit\VantuzLauncher\Vantuz.Core\bin\Debug\net8.0\Vantuz.Core.dll" ╨▓ "bin\Debug\net8.0-windows\win-x64\Vantuz.Core.dll". ╨Я╤А╨╡╨▓╤Л╤И╨╡╨╜╨╛ ╨┤╨╛╨┐╤Г╤Б╤В╨╕╨╝╨╛╨╡ ╤З╨╕╤Б╨╗╨╛ ╨┐╨╛╨▓╤В╨╛╤А╨╜╤Л╤Е ╨┐╨╛╨┐╤Л╤В╨╛╨║ (10). ╨Я╤А╨╛╨╕╨╖╨╛╤И╨╡╨╗ ╤Б╨▒╨╛╨╣. "VantuzLauncher (11228)" ╨▒╨╗╨╛╨║╨╕╤А╤Г╨╡╤В ╤Н╤В╨╛╤В ╤Д╨░╨╣╨╗ [C:\000\projects\troglobit\VantuzLauncher\VantuzLauncher.csproj]
C:\Program Files\dotnet\sdk\8.0.420\Microsoft.Common.CurrentVersion.targets(5034,5): error MSB3021: ╨╜╨╡ ╤Г╨┤╨░╨╗╨╛╤Б╤М ╤Б╨║╨╛╨┐╨╕╤А╨╛╨▓╨░╤В╤М ╤Д╨░╨╣╨╗ "C:\000\projects\troglobit\VantuzLauncher\Vantuz.Core\bin\Debug\net8.0\Vantuz.Core.dll" ╨▓ "bin\Debug\net8.0-windows\win-x64\Vantuz.Core.dll". The process cannot access the file 'C:\000\projects\troglobit\VantuzLauncher\bin\Debug\net8.0-windows\win-x64\Vantuz.Core.dll' because it is being used by another process. [C:\000\projects\troglobit\VantuzLauncher\VantuzLauncher.csproj]
C:\Program Files\dotnet\sdk\8.0.420\Microsoft.Common.CurrentVersion.targets(5034,5): error MSB3027: ╨╜╨╡ ╤Г╨┤╨░╨╗╨╛╤Б╤М ╤Б╨║╨╛╨┐╨╕╤А╨╛╨▓╨░╤В╤М "C:\000\projects\troglobit\VantuzLauncher\Vantuz.Host\bin\Debug\net8.0\Vantuz.Host.dll" ╨▓ "bin\Debug\net8.0-windows\win-x64\Vantuz.Host.dll". ╨Я╤А╨╡╨▓╤Л╤И╨╡╨╜╨╛ ╨┤╨╛╨┐╤Г╤Б╤В╨╕╨╝╨╛╨╡ ╤З╨╕╤Б╨╗╨╛ ╨┐╨╛╨▓╤В╨╛╤А╨╜╤Л╤Е ╨┐╨╛╨┐╤Л╤В╨╛╨║ (10). ╨Я╤А╨╛╨╕╨╖╨╛╤И╨╡╨╗ ╤Б╨▒╨╛╨╣. "VantuzLauncher (11228)" ╨▒╨╗╨╛╨║╨╕╤А╤Г╨╡╤В ╤Н╤В╨╛╤В ╤Д╨░╨╣╨╗ [C:\000\projects\troglobit\VantuzLauncher\VantuzLauncher.csproj]
C:\Program Files\dotnet\sdk\8.0.420\Microsoft.Common.CurrentVersion.targets(5034,5): error MSB3021: ╨╜╨╡ ╤Г╨┤╨░╨╗╨╛╤Б╤М ╤Б╨║╨╛╨┐╨╕╤А╨╛╨▓╨░╤В╤М ╤Д╨░╨╣╨╗ "C:\000\projects\troglobit\VantuzLauncher\Vantuz.Host\bin\Debug\net8.0\Vantuz.Host.dll" ╨▓ "bin\Debug\net8.0-windows\win-x64\Vantuz.Host.dll". The process cannot access the file 'C:\000\projects\troglobit\VantuzLauncher\bin\Debug\net8.0-windows\win-x64\Vantuz.Host.dll' because it is being used by another process. [C:\000\projects\troglobit\VantuzLauncher\VantuzLauncher.csproj]
    ╨Я╤А╨╡╨┤╤Г╨┐╤А╨╡╨╢╨┤╨╡╨╜╨╕╨╣: 20
    ╨Ю╤И╨╕╨▒╨╛╨║: 4

╨Я╤А╨╛╤И╨╗╨╛ ╨▓╤А╨╡╨╝╨╡╨╜╨╕ 00:00:35.14
