<?xml version="1.0" encoding="utf-8"?>
<TestRun id="7d214cdc-b83c-48fc-a15d-4df66e6a4463" name="1@DESKTOP-NTADQTR 2026-06-13 19:12:19" runUser="DESKTOP-NTADQTR\1" xmlns="http://microsoft.com/schemas/VisualStudio/TeamTest/2010">
  <Times creation="2026-06-13T19:12:20.0182107+05:00" queuing="2026-06-13T19:12:20.0182114+05:00" start="2026-06-13T19:12:17.4208438+05:00" finish="2026-06-13T19:13:00.8391940+05:00" />
  <TestSettings name="default" id="c8a83bbd-2e5b-4728-94d3-29937a70ef2a">
    <Deployment runDeploymentRoot="1_DESKTOP-NTADQTR_2026-06-13_19_12_19" />
  </TestSettings>
  <Results>
    <UnitTestResult executionId="38c10191-0e78-46d0-b57b-142c7284b0d5" testId="9aa7ad5d-b7b3-621f-b9e0-44d033aad333" testName="Vantuz.Core.Tests.ApiReaderQueryTests.DisposeAsync_CompletesSuccessfully" computerName="DESKTOP-NTADQTR" duration="00:00:00.0012669" startTime="2026-06-13T19:12:19.9166305+05:00" endTime="2026-06-13T19:12:19.9166306+05:00" testType="13cdc9d9-ddb5-4fa4-a97d-d965ccfc6d4b" outcome="Passed" testListId="8c84fa94-04c1-424b-9868-57a2d4851a1d" relativeResultsDirectory="38c10191-0e78-46d0-b57b-142c7284b0d5" />
    <UnitTestResult executionId="f4dc0cae-fbc9-442f-94a2-52ebeb75f1df" testId="c9ca4d7b-e0a1-0209-423b-deb7dda946f9" testName="Vantuz.Core.Tests.GuiModeProcessTests.GuiMode_ProcessKilled_NoZombieRemains" computerName="DESKTOP-NTADQTR" duration="00:00:03.8940236" startTime="2026-06-13T19:13:00.6485718+05:00" endTime="2026-06-13T19:13:00.6485722+05:00" testType="13cdc9d9-ddb5-4fa4-a97d-d965ccfc6d4b" outcome="Passed" testListId="8c84fa94-04c1-424b-9868-57a2d4851a1d" relativeResultsDirectory="f4dc0cae-fbc9-442f-94a2-52ebeb75f1df" />
    <UnitTestResult executionId="500c1234-592d-4d39-957e-10b4d84cb8ce" testId="3a83f0e2-c1cd-83c4-b0f6-7c8beacdc660" testName="Vantuz.Core.Tests.GuiModeFunctionalTests.AllManifests_HaveConsistentGameProvider" computerName="DESKTOP-NTADQTR" duration="00:00:00.0024968" startTime="2026-06-13T19:12:19.9162385+05:00" endTime="2026-06-13T19:12:19.9162387+05:00" testType="13cdc9d9-ddb5-4fa4-a97d-d965ccfc6d4b" outcome="Passed" testListId="8c84fa94-04c1-424b-9868-57a2d4851a1d" relativeResultsDirectory="500c1234-592d-4d39-957e-10b4d84cb8ce" />
    <UnitTestResult executionId="4173720c-6edb-4862-900d-98240f3d4d2b" testId="5917c7b7-5a0e-8737-3572-f6a2a16c3772" testName="Vantuz.Core.Tests.VirtualDescriptorTests.SaveToFileAsync_AbsolutePath_ThrowsArgumentException" computerName="DESKTOP-NTADQTR" duration="00:00:00.0040802" startTime="2026-06-13T19:12:20.1427429+05:00" endTime="2026-06-13T19:12:20.1427434+05:00" testType="13cdc9d9-ddb5-4fa4-a97d-d965ccfc6d4b" outcome="Passed" testListId="8c84fa94-04c1-424b-9868-57a2d4851a1d" relativeResultsDirectory="4173720c-6edb-4862-900d-98240f3d4d2b" />
    <UnitTestResult executionId="d89a1bdb-241a-4ee7-87b5-dda89c58a269" testId="81b852e3-0a1c-e06a-ad5b-51073b275572" testName="Vantuz.Core.Tests.VirtualDescriptorTests.FromString_RoundTrip_ReturnsOriginalString" computerName="DESKTOP-NTADQTR" duration="00:00:00.0008759" startTime="2026-06-13T19:12:20.1151055+05:00" endTime="2026-06-13T19:12:20.1151060+05:00" testType="13cdc9d9-ddb5-4fa4-a97d-d965ccfc6d4b" outcome="Passed" testListId="8c84fa94-04c1-424b-9868-57a2d4851a1d" relativeResultsDirectory="d89a1bdb-241a-4ee7-87b5-dda89c58a269" />
    <UnitTestResult executionId="ec361461-1fbd-4262-a115-63cec58b52e9" testId="5218aab3-91e5-4d02-6f4b-36bb8169aaad" testName="Vantuz.Core.Tests.GuiModeFunctionalTests.GuiManifest_GameVersion_IsValidForgeFormat" computerName="DESKTOP-NTADQTR" duration="00:00:00.0056349" startTime="2026-06-13T19:12:19.9164390+05:00" endTime="2026-06-13T19:12:19.9164391+05:00" testType="13cdc9d9-ddb5-4fa4-a97d-d965ccfc6d4b" outcome="Passed" testListId="8c84fa94-04c1-424b-9868-57a2d4851a1d" relativeResultsDirectory="ec361461-1fbd-4262-a115-63cec58b52e9" />
    <UnitTestResult executionId="c071911e-4f70-4041-884f-6e68efcdcde5" testId="6610700f-012b-0b62-cefd-986d8f87c629" testName="Vantuz.Core.Tests.GuiModeProcessTests.GuiMode_ProcessStarts_WindowAppearsWithin10Seconds" computerName="DESKTOP-NTADQTR" duration="00:00:18.0909483" startTime="2026-06-13T19:12:37.6295245+05:00" endTime="2026-06-13T19:12:37.6295250+05:00" testType="13cdc9d9-ddb5-4fa4-a97d-d965ccfc6d4b" outcome="Passed" testListId="8c84fa94-04c1-424b-9868-57a2d4851a1d" relativeResultsDirectory="c071911e-4f70-4041-884f-6e68efcdcde5" />
    <UnitTestResult executionId="8f65aac0-eaab-4338-8b1a-31dcfc5a972a" testId="ce42e30e-97b2-6b7a-7fbe-110c861c48a4" testName="Vantuz.Core.Tests.HeadlessSmokeTests.BootJson_ParsesWithoutNullReference" computerName="DESKTOP-NTADQTR" duration="00:00:00.0085674" startTime="2026-06-13T19:12:20.1592798+05:00" endTime="2026-06-13T19:12:20.1592804+05:00" testType="13cdc9d9-ddb5-4fa4-a97d-d965ccfc6d4b" outcome="Passed" testListId="8c84fa94-04c1-424b-9868-57a2d4851a1d" relativeResultsDirectory="8f65aac0-eaab-4338-8b1a-31dcfc5a972a" />
    <UnitTestResult executionId="1a61be3c-8186-4db1-9f13-bd1430c1e4b7" testId="17064349-f04a-07ea-f999-43fea8de6e1c" testName="Vantuz.Core.Tests.PipelinePositiveVerificationTests.Manifest_NoUnresolvedPlaceholders(fileName: &quot;boot.minecraft.production.json&quot;)" computerName="DESKTOP-NTADQTR" duration="00:00:00.0500721" startTime="2026-06-13T19:12:19.7337490+05:00" endTime="2026-06-13T19:12:19.7337494+05:00" testType="13cdc9d9-ddb5-4fa4-a97d-d965ccfc6d4b" outcome="Passed" testListId="8c84fa94-04c1-424b-9868-57a2d4851a1d" relativeResultsDirectory="1a61be3c-8186-4db1-9f13-bd1430c1e4b7" />
    <UnitTestResult executionId="9f62cdae-c8f7-436f-b084-811fb306cf00" testId="61c0659c-8cfc-c492-3f2a-da63d40da228" testName="Vantuz.Core.Tests.MinecraftGameQueryProviderTests.CheckVersionAsync_ForgeBootstrapLauncherMissing_ReturnsFalse" computerName="DESKTOP-NTADQTR" duration="00:00:07.0364983" startTime="2026-06-13T19:12:28.1526846+05:00" endTime="2026-06-13T19:12:28.1526851+05:00" testType="13cdc9d9-ddb5-4fa4-a97d-d965ccfc6d4b" outcome="Passed" testListId="8c84fa94-04c1-424b-9868-57a2d4851a1d" relativeResultsDirectory="9f62cdae-c8f7-436f-b084-811fb306cf00" />
    <UnitTestResult executionId="6edc6dcd-4ec7-46bc-a128-e9af568e5eb0" testId="7ddadfa2-f2fc-4a40-8c35-a8a4a0a441bf" testName="Vantuz.Core.Tests.VirtualDescriptorTests.FromMemory_ValidData_CreatesDescriptor" computerName="DESKTOP-NTADQTR" duration="00:00:00.0137784" startTime="2026-06-13T19:12:20.1140499+05:00" endTime="2026-06-13T19:12:20.1140505+05:00" testType="13cdc9d9-ddb5-4fa4-a97d-d965ccfc6d4b" outcome="Passed" testListId="8c84fa94-04c1-424b-9868-57a2d4851a1d" relativeResultsDirectory="6edc6dcd-4ec7-46bc-a128-e9af568e5eb0" />
    <UnitTestResult executionId="6c58247c-3338-484c-a264-5278c737ee87" testId="266b97bd-0a78-5b99-c908-e3c9177da4de" testName="Vantuz.Core.Tests.HeadlessSmokeTests.HeadlessSmokeTest_ExitsWithoutCriticalError" computerName="DESKTOP-NTADQTR" duration="00:00:07.9542983" startTime="2026-06-13T19:12:28.1138800+05:00" endTime="2026-06-13T19:12:28.1138806+05:00" testType="13cdc9d9-ddb5-4fa4-a97d-d965ccfc6d4b" outcome="Passed" testListId="8c84fa94-04c1-424b-9868-57a2d4851a1d" relativeResultsDirectory="6c58247c-3338-484c-a264-5278c737ee87" />
    <UnitTestResult executionId="a587daed-ec3b-4f8c-9315-8d520eebe037" testId="1790ff60-a008-acbb-75b7-6e93f437c51b" testName="Vantuz.Core.Tests.MinecraftGameQueryProviderTests.ParseForgeVersion_FallbackSplit_ReturnsCorrectTuple" computerName="DESKTOP-NTADQTR" duration="00:00:00.0003903" startTime="2026-06-13T19:12:29.0565969+05:00" endTime="2026-06-13T19:12:29.0565972+05:00" testType="13cdc9d9-ddb5-4fa4-a97d-d965ccfc6d4b" outcome="Passed" testListId="8c84fa94-04c1-424b-9868-57a2d4851a1d" relativeResultsDirectory="a587daed-ec3b-4f8c-9315-8d520eebe037" />
    <UnitTestResult executionId="3972ae43-7b80-4a30-aa46-080535ea9dd9" testId="29e75204-ae1f-90d0-2658-3545ee5766ca" testName="Vantuz.Core.Tests.LaunchArgumentValidationTests.GameLaunchCommand_MissingJava_ReturnsFailureWithClearMessage" computerName="DESKTOP-NTADQTR" duration="00:00:00.0051166" startTime="2026-06-13T19:12:29.0673453+05:00" endTime="2026-06-13T19:12:29.0673468+05:00" testType="13cdc9d9-ddb5-4fa4-a97d-d965ccfc6d4b" outcome="Passed" testListId="8c84fa94-04c1-424b-9868-57a2d4851a1d" relativeResultsDirectory="3972ae43-7b80-4a30-aa46-080535ea9dd9" />
    <UnitTestResult executionId="6363f5f8-a27f-428e-a753-1fa4c56c3a53" testId="c51b34ef-4ac0-f70c-a4c5-b3f89b14361b" testName="Vantuz.Core.Tests.LaunchArgumentValidationTests.GameLaunchCommand_ResolvedInstallDir_GameArgsContainsNoPlaceholders" computerName="DESKTOP-NTADQTR" duration="00:00:01.6390299" startTime="2026-06-13T19:12:29.0620020+05:00" endTime="2026-06-13T19:12:29.0620025+05:00" testType="13cdc9d9-ddb5-4fa4-a97d-d965ccfc6d4b" outcome="Passed" testListId="8c84fa94-04c1-424b-9868-57a2d4851a1d" relativeResultsDirectory="6363f5f8-a27f-428e-a753-1fa4c56c3a53" />
    <UnitTestResult executionId="4b1e3512-ecc9-4c9d-8c21-c259d7917ea7" testId="ab5c9426-00bd-ded5-bb10-dd52f314a81c" testName="Vantuz.Core.Tests.GuiModeFunctionalTests.GeneratedBootJson_MatchesGuiManifest_GameVersion" computerName="DESKTOP-NTADQTR" duration="00:00:00.0036841" startTime="2026-06-13T19:12:19.9160890+05:00" endTime="2026-06-13T19:12:19.9160892+05:00" testType="13cdc9d9-ddb5-4fa4-a97d-d965ccfc6d4b" outcome="Passed" testListId="8c84fa94-04c1-424b-9868-57a2d4851a1d" relativeResultsDirectory="4b1e3512-ecc9-4c9d-8c21-c259d7917ea7" />
    <UnitTestResult executionId="0a41dc98-7df0-4378-82cc-635b8913272d" testId="377fa45c-ab02-859b-ac30-5585751c9fce" testName="Vantuz.Core.Tests.LaunchArgumentValidationTests.GameLaunchCommand_UnresolvedInstallDir_FailsBeforeProvider" computerName="DESKTOP-NTADQTR" duration="00:00:00.0098583" startTime="2026-06-13T19:12:19.9155752+05:00" endTime="2026-06-13T19:12:19.9155754+05:00" testType="13cdc9d9-ddb5-4fa4-a97d-d965ccfc6d4b" outcome="Passed" testListId="8c84fa94-04c1-424b-9868-57a2d4851a1d" relativeResultsDirectory="0a41dc98-7df0-4378-82cc-635b8913272d" />
    <UnitTestResult executionId="6e76cc8e-ebf1-4837-b04c-f4909bd4bb2d" testId="5417a48c-7dc4-7e65-5dde-45f31da74186" testName="Vantuz.Core.Tests.GuiPipelinePositiveVerificationTests.GuiPipeline_ResolvesAllPlugins" computerName="DESKTOP-NTADQTR" duration="00:00:05.1774089" startTime="2026-06-13T19:12:31.7033419+05:00" endTime="2026-06-13T19:12:31.7033423+05:00" testType="13cdc9d9-ddb5-4fa4-a97d-d965ccfc6d4b" outcome="Passed" testListId="8c84fa94-04c1-424b-9868-57a2d4851a1d" relativeResultsDirectory="6e76cc8e-ebf1-4837-b04c-f4909bd4bb2d" />
    <UnitTestResult executionId="e8f6fe66-d52c-4253-a66e-01ee6c5aba51" testId="8d9f625b-eca0-caaf-80b7-0208b4fb0a84" testName="Vantuz.Core.Tests.VariableInterpolationTests.InterpolateVariables_SpecialFolder_Resolves" computerName="DESKTOP-NTADQTR" duration="00:00:00.0004662" startTime="2026-06-13T19:12:19.9232611+05:00" endTime="2026-06-13T19:12:19.9232613+05:00" testType="13cdc9d9-ddb5-4fa4-a97d-d965ccfc6d4b" outcome="Passed" testListId="8c84fa94-04c1-424b-9868-57a2d4851a1d" relativeResultsDirectory="e8f6fe66-d52c-4253-a66e-01ee6c5aba51" />
    <UnitTestResult executionId="28ad0a04-8885-4ab1-ae96-033d2f40b863" testId="de27a3a4-5585-1811-f69a-d74b7b44037f" testName="Vantuz.Core.Tests.PipelinePositiveVerificationTests.Manifest_NoUnresolvedPlaceholders(fileName: &quot;boot.headless.json&quot;)" computerName="DESKTOP-NTADQTR" duration="00:00:00.0008608" startTime="2026-06-13T19:12:19.7351833+05:00" endTime="2026-06-13T19:12:19.7351837+05:00" testType="13cdc9d9-ddb5-4fa4-a97d-d965ccfc6d4b" outcome="Passed" testListId="8c84fa94-04c1-424b-9868-57a2d4851a1d" relativeResultsDirectory="28ad0a04-8885-4ab1-ae96-033d2f40b863" />
    <UnitTestResult executionId="ab1039d2-bc28-4c18-b0f1-f1ec190e6d6b" testId="29af152b-9368-65cd-1274-6d4f24ccf49a" testName="Vantuz.Core.Tests.PipelinePositiveVerificationTests.Manifest_LaunchCommand_IsFollowedByExecuteCommand(fileName: &quot;boot.minecraft.production.json&quot;)" computerName="DESKTOP-NTADQTR" duration="00:00:00.0010575" startTime="2026-06-13T19:12:19.9204309+05:00" endTime="2026-06-13T19:12:19.9204311+05:00" testType="13cdc9d9-ddb5-4fa4-a97d-d965ccfc6d4b" outcome="Passed" testListId="8c84fa94-04c1-424b-9868-57a2d4851a1d" relativeResultsDirectory="ab1039d2-bc28-4c18-b0f1-f1ec190e6d6b" />
    <UnitTestResult executionId="e83cb4de-0c7b-49a2-9ac4-53c985eaed5c" testId="b514ffe9-bfa2-ae27-aee0-7a78b9baeeb4" testName="Vantuz.Core.Tests.ApiReaderQueryTests.ExecuteAsync_MissingPayloadKey_ThrowsInvalidOperationException" computerName="DESKTOP-NTADQTR" duration="00:00:00.0426269" startTime="2026-06-13T19:12:19.9205753+05:00" endTime="2026-06-13T19:12:19.9205755+05:00" testType="13cdc9d9-ddb5-4fa4-a97d-d965ccfc6d4b" outcome="Passed" testListId="8c84fa94-04c1-424b-9868-57a2d4851a1d" relativeResultsDirectory="e83cb4de-0c7b-49a2-9ac4-53c985eaed5c" />
    <UnitTestResult executionId="ef057701-e898-4ea0-a220-589279cc1dd5" testId="2ede7db6-f9e3-8c2c-4030-c3ebeefecce1" testName="Vantuz.Core.Tests.VariableInterpolationTests.InterpolateVariables_ChainedDependencies_ResolvesTransitively" computerName="DESKTOP-NTADQTR" duration="00:00:00.0004744" startTime="2026-06-13T19:12:19.9445823+05:00" endTime="2026-06-13T19:12:19.9445825+05:00" testType="13cdc9d9-ddb5-4fa4-a97d-d965ccfc6d4b" outcome="Passed" testListId="8c84fa94-04c1-424b-9868-57a2d4851a1d" relativeResultsDirectory="ef057701-e898-4ea0-a220-589279cc1dd5" />
    <UnitTestResult executionId="06606bfb-117e-45a4-b24a-6baa61928e7a" testId="221c78a4-c539-b830-a354-26d2e5524c6e" testName="Vantuz.Core.Tests.VirtualDescriptorTests.FromMemory_NullData_ThrowsArgumentNullException" computerName="DESKTOP-NTADQTR" duration="00:00:00.0008251" startTime="2026-06-13T19:12:20.5847708+05:00" endTime="2026-06-13T19:12:20.5847712+05:00" testType="13cdc9d9-ddb5-4fa4-a97d-d965ccfc6d4b" outcome="Passed" testListId="8c84fa94-04c1-424b-9868-57a2d4851a1d" relativeResultsDirectory="06606bfb-117e-45a4-b24a-6baa61928e7a" />
    <UnitTestResult executionId="66042754-c6eb-4bbb-8b12-af4f831e1b8c" testId="bbf9caf0-6112-153d-9f8d-1f9dc0ba190d" testName="Vantuz.Core.Tests.UpdateCommandTests.ExecuteAsync_SameVersion_ReturnsSuccessWithoutDownload" computerName="DESKTOP-NTADQTR" duration="00:00:00.0306855" startTime="2026-06-13T19:12:19.9149024+05:00" endTime="2026-06-13T19:12:19.9149026+05:00" testType="13cdc9d9-ddb5-4fa4-a97d-d965ccfc6d4b" outcome="Passed" testListId="8c84fa94-04c1-424b-9868-57a2d4851a1d" relativeResultsDirectory="66042754-c6eb-4bbb-8b12-af4f831e1b8c" />
    <UnitTestResult executionId="32dfabc0-2ab3-4f78-9d43-8d369ca4150e" testId="79e51082-c5ec-0800-74c8-b0096ad0d250" testName="Vantuz.Core.Tests.MinecraftGameQueryProviderTests.CheckVersionAsync_VanillaComplete_ReturnsTrue" computerName="DESKTOP-NTADQTR" duration="00:00:00.0531777" startTime="2026-06-13T19:12:28.4026409+05:00" endTime="2026-06-13T19:12:28.4026415+05:00" testType="13cdc9d9-ddb5-4fa4-a97d-d965ccfc6d4b" outcome="Passed" testListId="8c84fa94-04c1-424b-9868-57a2d4851a1d" relativeResultsDirectory="32dfabc0-2ab3-4f78-9d43-8d369ca4150e" />
    <UnitTestResult executionId="303a7c6e-c0c9-4b08-8111-b76a85e1d354" testId="f905ca6a-932e-c1eb-f928-e552453b460a" testName="Vantuz.Core.Tests.ApiReaderQueryTests.ExecuteAsync_MissingUrl_ThrowsInvalidOperationException" computerName="DESKTOP-NTADQTR" duration="00:00:00.0020376" startTime="2026-06-13T19:12:19.9207234+05:00" endTime="2026-06-13T19:12:19.9207235+05:00" testType="13cdc9d9-ddb5-4fa4-a97d-d965ccfc6d4b" outcome="Passed" testListId="8c84fa94-04c1-424b-9868-57a2d4851a1d" relativeResultsDirectory="303a7c6e-c0c9-4b08-8111-b76a85e1d354" />
    <UnitTestResult executionId="903636b4-cd10-4aeb-8e8a-05e80021f889" testId="cd646ece-fb71-7c04-40a7-e43eb9dde127" testName="Vantuz.Core.Tests.VirtualDescriptorTests.Dispose_MarksInvalid" computerName="DESKTOP-NTADQTR" duration="00:00:00.0197727" startTime="2026-06-13T19:12:20.1351611+05:00" endTime="2026-06-13T19:12:20.1351617+05:00" testType="13cdc9d9-ddb5-4fa4-a97d-d965ccfc6d4b" outcome="Passed" testListId="8c84fa94-04c1-424b-9868-57a2d4851a1d" relativeResultsDirectory="903636b4-cd10-4aeb-8e8a-05e80021f889" />
    <UnitTestResult executionId="4eeba3ea-1338-4d22-a685-18e81355d108" testId="2fdd3774-7c85-360d-fa74-7441eadbcbf7" testName="Vantuz.Core.Tests.PipelinePositiveVerificationTests.Manifest_LaunchCommand_IsFollowedByExecuteCommand(fileName: &quot;boot.gui.json&quot;)" computerName="DESKTOP-NTADQTR" duration="00:00:00.0028740" startTime="2026-06-13T19:12:19.9202985+05:00" endTime="2026-06-13T19:12:19.9202986+05:00" testType="13cdc9d9-ddb5-4fa4-a97d-d965ccfc6d4b" outcome="Passed" testListId="8c84fa94-04c1-424b-9868-57a2d4851a1d" relativeResultsDirectory="4eeba3ea-1338-4d22-a685-18e81355d108" />
    <UnitTestResult executionId="e1088dbe-4cb7-4c37-b13b-a688edbd7d52" testId="caedb91e-215d-ab53-d2d2-ea06de83613b" testName="Vantuz.Core.Tests.VariableInterpolationTests.InterpolateVariables_EnvironmentVariable_Resolves" computerName="DESKTOP-NTADQTR" duration="00:00:00.0004660" startTime="2026-06-13T19:12:19.9447219+05:00" endTime="2026-06-13T19:12:19.9447220+05:00" testType="13cdc9d9-ddb5-4fa4-a97d-d965ccfc6d4b" outcome="Passed" testListId="8c84fa94-04c1-424b-9868-57a2d4851a1d" relativeResultsDirectory="e1088dbe-4cb7-4c37-b13b-a688edbd7d52" />
    <UnitTestResult executionId="b730ac7e-1043-48df-a4bd-54b9d6aec0db" testId="9d82f38f-4f42-5efe-d3a7-983c7c7ee93b" testName="Vantuz.Core.Tests.CommandResultTests.Success_Constructor_SetsProperties" computerName="DESKTOP-NTADQTR" duration="00:00:00.0005295" startTime="2026-06-13T19:12:20.0995248+05:00" endTime="2026-06-13T19:12:20.0995254+05:00" testType="13cdc9d9-ddb5-4fa4-a97d-d965ccfc6d4b" outcome="Passed" testListId="8c84fa94-04c1-424b-9868-57a2d4851a1d" relativeResultsDirectory="b730ac7e-1043-48df-a4bd-54b9d6aec0db" />
    <UnitTestResult executionId="356dc18b-e84d-4674-b519-f51df753240c" testId="eea26664-1b21-7fc4-cfb6-14b6b0a52392" testName="Vantuz.Core.Tests.LaunchArgumentValidationTests.ExecuteCommand_UnresolvedPlaceholder_ReturnsFailureWithClearMessage" computerName="DESKTOP-NTADQTR" duration="00:00:00.0028214" startTime="2026-06-13T19:12:27.4226595+05:00" endTime="2026-06-13T19:12:27.4226603+05:00" testType="13cdc9d9-ddb5-4fa4-a97d-d965ccfc6d4b" outcome="Passed" testListId="8c84fa94-04c1-424b-9868-57a2d4851a1d" relativeResultsDirectory="356dc18b-e84d-4674-b519-f51df753240c" />
    <UnitTestResult executionId="41ad144d-dd68-42ba-bee4-caf881010f71" testId="60f71c30-2701-977b-d59a-5eb8477cee78" testName="Vantuz.Core.Tests.GuiPipelinePositiveVerificationTests.BootGuiJson_StepsMatchExpectedSet" computerName="DESKTOP-NTADQTR" duration="00:00:00.0055958" startTime="2026-06-13T19:12:19.9569084+05:00" endTime="2026-06-13T19:12:19.9569089+05:00" testType="13cdc9d9-ddb5-4fa4-a97d-d965ccfc6d4b" outcome="Passed" testListId="8c84fa94-04c1-424b-9868-57a2d4851a1d" relativeResultsDirectory="41ad144d-dd68-42ba-bee4-caf881010f71" />
    <UnitTestResult executionId="e2586441-34dd-431f-a8bd-fe9767b427ae" testId="0a701ac8-4295-2402-109a-926518494446" testName="Vantuz.Core.Tests.DeltaAnalyzerQueryTests.ExecuteAsync_MissingMcDir_ThrowsInvalidOperationException" computerName="DESKTOP-NTADQTR" duration="00:00:00.0019067" startTime="2026-06-13T19:12:20.6688304+05:00" endTime="2026-06-13T19:12:20.6688308+05:00" testType="13cdc9d9-ddb5-4fa4-a97d-d965ccfc6d4b" outcome="Passed" testListId="8c84fa94-04c1-424b-9868-57a2d4851a1d" relativeResultsDirectory="e2586441-34dd-431f-a8bd-fe9767b427ae" />
    <UnitTestResult executionId="4270c62a-7c27-4ae5-bf82-c16729f2b732" testId="4852611b-0209-d6fb-14e1-c9b26927339e" testName="Vantuz.Core.Tests.LaunchArgumentValidationTests.GameLaunchCommand_MissingInstallDir_ReturnsFailureWithClearMessage" computerName="DESKTOP-NTADQTR" duration="00:00:00.0016479" startTime="2026-06-13T19:12:19.9157303+05:00" endTime="2026-06-13T19:12:19.9157305+05:00" testType="13cdc9d9-ddb5-4fa4-a97d-d965ccfc6d4b" outcome="Passed" testListId="8c84fa94-04c1-424b-9868-57a2d4851a1d" relativeResultsDirectory="4270c62a-7c27-4ae5-bf82-c16729f2b732" />
    <UnitTestResult executionId="3524c6e7-c193-463e-8e73-72c645aec121" testId="8ed1f628-546a-9be4-9711-360f50e39ac9" testName="Vantuz.Core.Tests.VariableInterpolationTests.InterpolateVariables_CircularDependency_DoesNotHang" computerName="DESKTOP-NTADQTR" duration="00:00:00.0005844" startTime="2026-06-13T19:12:19.9230954+05:00" endTime="2026-06-13T19:12:19.9230957+05:00" testType="13cdc9d9-ddb5-4fa4-a97d-d965ccfc6d4b" outcome="Passed" testListId="8c84fa94-04c1-424b-9868-57a2d4851a1d" relativeResultsDirectory="3524c6e7-c193-463e-8e73-72c645aec121" />
    <UnitTestResult executionId="66b61805-5248-444d-89cf-72407c8141fd" testId="7757a13d-1a7f-72ac-2fa5-763d7c8f9a90" testName="Vantuz.Core.Tests.VirtualDescriptorTests.Id_UniqueAcrossInstances" computerName="DESKTOP-NTADQTR" duration="00:00:00.0038283" startTime="2026-06-13T19:12:20.1467474+05:00" endTime="2026-06-13T19:12:20.1467479+05:00" testType="13cdc9d9-ddb5-4fa4-a97d-d965ccfc6d4b" outcome="Passed" testListId="8c84fa94-04c1-424b-9868-57a2d4851a1d" relativeResultsDirectory="66b61805-5248-444d-89cf-72407c8141fd" />
    <UnitTestResult executionId="11a86211-9c96-4c4c-bbb8-3fa315c27d3a" testId="184bf7b2-dc0f-4b9c-0917-ff393766eaa3" testName="Vantuz.Core.Tests.PipelinePositiveVerificationTests.BootHeadlessJson_StepsMatchExpectedSet" computerName="DESKTOP-NTADQTR" duration="00:00:00.0633128" startTime="2026-06-13T19:12:19.9201315+05:00" endTime="2026-06-13T19:12:19.9201317+05:00" testType="13cdc9d9-ddb5-4fa4-a97d-d965ccfc6d4b" outcome="Passed" testListId="8c84fa94-04c1-424b-9868-57a2d4851a1d" relativeResultsDirectory="11a86211-9c96-4c4c-bbb8-3fa315c27d3a" />
    <UnitTestResult executionId="6aa2cbd5-b918-4a62-bd5f-89af638107b4" testId="3ab3a265-65e5-6c60-d4c2-773914ebd1ce" testName="Vantuz.Core.Tests.PipelinePositiveVerificationTests.Headless_RunsAllSteps_AndLogsPositiveMarkers" computerName="DESKTOP-NTADQTR" duration="00:00:08.5542928" startTime="2026-06-13T19:12:28.3582739+05:00" endTime="2026-06-13T19:12:28.3582744+05:00" testType="13cdc9d9-ddb5-4fa4-a97d-d965ccfc6d4b" outcome="Passed" testListId="8c84fa94-04c1-424b-9868-57a2d4851a1d" relativeResultsDirectory="6aa2cbd5-b918-4a62-bd5f-89af638107b4" />
    <UnitTestResult executionId="df293ce2-e96b-45b6-9a2c-038fac000e94" testId="c567b5f7-63e6-3ff7-0109-bb551c579b2d" testName="Vantuz.Core.Tests.MinecraftGameQueryProviderTests.GameInstallerCommand_ForgeAlreadyInstalled_SkipsInstall" computerName="DESKTOP-NTADQTR" duration="00:00:00.9886217" startTime="2026-06-13T19:12:21.1286674+05:00" endTime="2026-06-13T19:12:21.1286682+05:00" testType="13cdc9d9-ddb5-4fa4-a97d-d965ccfc6d4b" outcome="Failed" testListId="8c84fa94-04c1-424b-9868-57a2d4851a1d" relativeResultsDirectory="df293ce2-e96b-45b6-9a2c-038fac000e94">
      <Output>
        <ErrorInfo>
          <Message>Assert.Contains() Failure: Sub-string not found&#xD;
String:    "Р’РµСЂСЃРёСЏ 1.20.1-forge-47.3.0 СѓР¶Рµ С"···&#xD;
Not found: "уже установлена"</Message>
          <StackTrace>   at Vantuz.Core.Tests.MinecraftGameQueryProviderTests.GameInstallerCommand_ForgeAlreadyInstalled_SkipsInstall() in C:\000\projects\compositum\Vantuz.Core.Tests\MinecraftGameProviderTests.cs:line 309&#xD;
--- End of stack trace from previous location ---</StackTrace>
        </ErrorInfo>
      </Output>
    </UnitTestResult>
    <UnitTestResult executionId="4870c388-1bb9-4104-b68a-f75e62e983dd" testId="8f5ab4e8-0c7b-eccd-7d6e-553567d7d7a1" testName="Vantuz.Core.Tests.UpdateCommandTests.ExecuteAsync_MissingUrl_ThrowsInvalidOperationException" computerName="DESKTOP-NTADQTR" duration="00:00:00.1767339" startTime="2026-06-13T19:12:19.7150760+05:00" endTime="2026-06-13T19:12:19.7150765+05:00" testType="13cdc9d9-ddb5-4fa4-a97d-d965ccfc6d4b" outcome="Passed" testListId="8c84fa94-04c1-424b-9868-57a2d4851a1d" relativeResultsDirectory="4870c388-1bb9-4104-b68a-f75e62e983dd" />
    <UnitTestResult executionId="900e8065-0fc4-4843-84cb-e084c86494b5" testId="f8b02280-d58f-52cd-2ac9-ef5216be18cb" testName="Vantuz.Core.Tests.LaunchArgumentValidationTests.ExecuteCommand_DummyExecutable_ReturnsSuccess" computerName="DESKTOP-NTADQTR" duration="00:00:07.6516155" startTime="2026-06-13T19:12:27.4192310+05:00" endTime="2026-06-13T19:12:27.4192317+05:00" testType="13cdc9d9-ddb5-4fa4-a97d-d965ccfc6d4b" outcome="Passed" testListId="8c84fa94-04c1-424b-9868-57a2d4851a1d" relativeResultsDirectory="900e8065-0fc4-4843-84cb-e084c86494b5" />
    <UnitTestResult executionId="75e6ab0a-bf92-442b-a7f5-12a69b4870bf" testId="53cdb778-4edb-926f-6f73-9b2fd8c932de" testName="Vantuz.Core.Tests.VirtualDescriptorTests.WriteToStreamAsync_CopiesDataCorrectly" computerName="DESKTOP-NTADQTR" duration="00:00:00.0031273" startTime="2026-06-13T19:12:20.1384991+05:00" endTime="2026-06-13T19:12:20.1384998+05:00" testType="13cdc9d9-ddb5-4fa4-a97d-d965ccfc6d4b" outcome="Passed" testListId="8c84fa94-04c1-424b-9868-57a2d4851a1d" relativeResultsDirectory="75e6ab0a-bf92-442b-a7f5-12a69b4870bf" />
    <UnitTestResult executionId="6fddc66e-107d-4d74-90d4-95286a2eb351" testId="8146708f-5a23-410a-3b2b-86ab46376a5a" testName="Vantuz.Core.Tests.MinecraftGameQueryProviderTests.CheckVersionAsync_VanillaIncomplete_ReturnsFalse" computerName="DESKTOP-NTADQTR" duration="00:00:00.0495791" startTime="2026-06-13T19:12:28.2037312+05:00" endTime="2026-06-13T19:12:28.2037317+05:00" testType="13cdc9d9-ddb5-4fa4-a97d-d965ccfc6d4b" outcome="Passed" testListId="8c84fa94-04c1-424b-9868-57a2d4851a1d" relativeResultsDirectory="6fddc66e-107d-4d74-90d4-95286a2eb351" />
    <UnitTestResult executionId="930c5d71-374c-4972-8f5d-458f954401b9" testId="d5eb4ca5-2d34-490a-fa47-a0fdfd9e600c" testName="Vantuz.Core.Tests.MinecraftGameQueryProviderTests.ParseForgeVersion_StandardFormat_ReturnsCorrectTuple" computerName="DESKTOP-NTADQTR" duration="00:00:00.0009802" startTime="2026-06-13T19:12:28.1539135+05:00" endTime="2026-06-13T19:12:28.1539140+05:00" testType="13cdc9d9-ddb5-4fa4-a97d-d965ccfc6d4b" outcome="Passed" testListId="8c84fa94-04c1-424b-9868-57a2d4851a1d" relativeResultsDirectory="930c5d71-374c-4972-8f5d-458f954401b9" />
    <UnitTestResult executionId="d33df87f-5b33-4e5d-b0fc-be90e2fa0aa5" testId="63807933-805d-5294-e6a0-1292022b3518" testName="Vantuz.Core.Tests.DeltaAnalyzerQueryTests.ExecuteAsync_EmptyTargetState_ReturnsEmptyQueues" computerName="DESKTOP-NTADQTR" duration="00:00:00.0050177" startTime="2026-06-13T19:12:20.6740095+05:00" endTime="2026-06-13T19:12:20.6740100+05:00" testType="13cdc9d9-ddb5-4fa4-a97d-d965ccfc6d4b" outcome="Passed" testListId="8c84fa94-04c1-424b-9868-57a2d4851a1d" relativeResultsDirectory="d33df87f-5b33-4e5d-b0fc-be90e2fa0aa5" />
    <UnitTestResult executionId="71e5a08b-850f-4c0e-a65f-1e36481ca426" testId="f8367f7a-9cce-e548-cd48-ef95c0e76341" testName="Vantuz.Core.Tests.GuiModeProcessTests.GuiMode_FullLaunch_NoApplicationInstanceErrorInTraceLog" computerName="DESKTOP-NTADQTR" duration="00:00:19.1244520" startTime="2026-06-13T19:12:56.7543030+05:00" endTime="2026-06-13T19:12:56.7543035+05:00" testType="13cdc9d9-ddb5-4fa4-a97d-d965ccfc6d4b" outcome="Passed" testListId="8c84fa94-04c1-424b-9868-57a2d4851a1d" relativeResultsDirectory="71e5a08b-850f-4c0e-a65f-1e36481ca426" />
    <UnitTestResult executionId="62e542cb-a83b-4a6c-8660-72cb08012576" testId="d3dac384-ae1f-5876-07f2-1bcf0e9f9683" testName="Vantuz.Core.Tests.VariableInterpolationTests.InterpolateVariables_DependentVariables_ResolvesInOrder" computerName="DESKTOP-NTADQTR" duration="00:00:00.0008248" startTime="2026-06-13T19:12:19.9444076+05:00" endTime="2026-06-13T19:12:19.9444077+05:00" testType="13cdc9d9-ddb5-4fa4-a97d-d965ccfc6d4b" outcome="Passed" testListId="8c84fa94-04c1-424b-9868-57a2d4851a1d" relativeResultsDirectory="62e542cb-a83b-4a6c-8660-72cb08012576" />
    <UnitTestResult executionId="a04910c5-68c1-4d47-964c-5da13fbd029a" testId="5b2a8097-f07c-36bd-324a-bdc2320e5f2d" testName="Vantuz.Core.Tests.PipelinePositiveVerificationTests.Manifest_NoUnresolvedPlaceholders(fileName: &quot;boot.gui.json&quot;)" computerName="DESKTOP-NTADQTR" duration="00:00:00.1379817" startTime="2026-06-13T19:12:19.6856269+05:00" endTime="2026-06-13T19:12:19.6856904+05:00" testType="13cdc9d9-ddb5-4fa4-a97d-d965ccfc6d4b" outcome="Passed" testListId="8c84fa94-04c1-424b-9868-57a2d4851a1d" relativeResultsDirectory="a04910c5-68c1-4d47-964c-5da13fbd029a" />
    <UnitTestResult executionId="322d9df5-b5f6-40c6-be1f-3c1f7e302f6b" testId="d6f687e1-8213-6eda-4399-1c4d83c950d4" testName="Vantuz.Core.Tests.VirtualDescriptorTests.SaveToFileAsync_RelativePath_WritesFile" computerName="DESKTOP-NTADQTR" duration="00:00:00.4269309" startTime="2026-06-13T19:12:20.5797455+05:00" endTime="2026-06-13T19:12:20.5797463+05:00" testType="13cdc9d9-ddb5-4fa4-a97d-d965ccfc6d4b" outcome="Passed" testListId="8c84fa94-04c1-424b-9868-57a2d4851a1d" relativeResultsDirectory="322d9df5-b5f6-40c6-be1f-3c1f7e302f6b" />
    <UnitTestResult executionId="441bd7ad-9bfa-48c6-882e-e1e8ee8a28d8" testId="6a60efa8-909b-9c74-1baa-597a1d34a5ae" testName="Vantuz.Core.Tests.MinecraftGameQueryProviderTests.CheckVersionAsync_MissingVersion_ReturnsFalse" computerName="DESKTOP-NTADQTR" duration="00:00:00.1873626" startTime="2026-06-13T19:12:20.0506781+05:00" endTime="2026-06-13T19:12:20.0506786+05:00" testType="13cdc9d9-ddb5-4fa4-a97d-d965ccfc6d4b" outcome="Passed" testListId="8c84fa94-04c1-424b-9868-57a2d4851a1d" relativeResultsDirectory="441bd7ad-9bfa-48c6-882e-e1e8ee8a28d8" />
    <UnitTestResult executionId="4e2201ec-737f-4fe9-ae2e-a8984a7526ca" testId="11a1f760-fed3-dcfb-3ab4-b535c7eb8c88" testName="Vantuz.Core.Tests.MinecraftGameQueryProviderTests.InstallVersionAsync_ForgePath_CallsLibraryResolver" computerName="DESKTOP-NTADQTR" duration="00:00:00.1452126" startTime="2026-06-13T19:12:28.3491948+05:00" endTime="2026-06-13T19:12:28.3491953+05:00" testType="13cdc9d9-ddb5-4fa4-a97d-d965ccfc6d4b" outcome="Passed" testListId="8c84fa94-04c1-424b-9868-57a2d4851a1d" relativeResultsDirectory="4e2201ec-737f-4fe9-ae2e-a8984a7526ca" />
    <UnitTestResult executionId="eafe1a40-9f10-4177-a579-7a10156c48a8" testId="8f30efbc-7e3d-ab47-0825-e02fd91dce70" testName="Vantuz.Core.Tests.VariableInterpolationTests.InterpolateVariables_PayloadOverridesVariable" computerName="DESKTOP-NTADQTR" duration="00:00:00.0003730" startTime="2026-06-13T19:12:19.9448687+05:00" endTime="2026-06-13T19:12:19.9448688+05:00" testType="13cdc9d9-ddb5-4fa4-a97d-d965ccfc6d4b" outcome="Passed" testListId="8c84fa94-04c1-424b-9868-57a2d4851a1d" relativeResultsDirectory="eafe1a40-9f10-4177-a579-7a10156c48a8" />
    <UnitTestResult executionId="b412732b-1302-429e-8c40-dcc2988e4116" testId="d4ba38d1-122c-72df-a9f0-6a5d52730724" testName="Vantuz.Core.Tests.MinecraftGameQueryProviderTests.CheckVersionAsync_ForgeIncomplete_ReturnsFalse" computerName="DESKTOP-NTADQTR" duration="00:00:00.3465828" startTime="2026-06-13T19:12:29.0549336+05:00" endTime="2026-06-13T19:12:29.0549345+05:00" testType="13cdc9d9-ddb5-4fa4-a97d-d965ccfc6d4b" outcome="Passed" testListId="8c84fa94-04c1-424b-9868-57a2d4851a1d" relativeResultsDirectory="b412732b-1302-429e-8c40-dcc2988e4116" />
    <UnitTestResult executionId="b5205ecc-3ee3-4241-a273-6f6fdbadedcb" testId="3190b2da-bb35-e066-1465-d9b8bf45b621" testName="Vantuz.Core.Tests.DeltaAnalyzerQueryTests.ExecuteAsync_MatchingFile_NoDownloadNeeded" computerName="DESKTOP-NTADQTR" duration="00:00:01.1285447" startTime="2026-06-13T19:12:20.6667381+05:00" endTime="2026-06-13T19:12:20.6667387+05:00" testType="13cdc9d9-ddb5-4fa4-a97d-d965ccfc6d4b" outcome="Passed" testListId="8c84fa94-04c1-424b-9868-57a2d4851a1d" relativeResultsDirectory="b5205ecc-3ee3-4241-a273-6f6fdbadedcb" />
    <UnitTestResult executionId="0f5a3f9e-da24-4420-ad9d-7b47d91dc2d0" testId="ccb6976c-25e1-55e4-c9c7-263fb5537833" testName="Vantuz.Core.Tests.UpdateCommandTests.DisposeAsync_CompletesSuccessfully" computerName="DESKTOP-NTADQTR" duration="00:00:00.0029911" startTime="2026-06-13T19:12:19.7191352+05:00" endTime="2026-06-13T19:12:19.7191358+05:00" testType="13cdc9d9-ddb5-4fa4-a97d-d965ccfc6d4b" outcome="Passed" testListId="8c84fa94-04c1-424b-9868-57a2d4851a1d" relativeResultsDirectory="0f5a3f9e-da24-4420-ad9d-7b47d91dc2d0" />
    <UnitTestResult executionId="6aa063c2-7f5b-4e04-a5e6-f16de67ef275" testId="17bbd0b6-9b48-5d98-6178-af45a2de6271" testName="Vantuz.Core.Tests.GuiPipelinePositiveVerificationTests.GuiPipeline_ExecutesWithoutPluginNotFoundCrash" computerName="DESKTOP-NTADQTR" duration="00:00:06.5680945" startTime="2026-06-13T19:12:26.5256347+05:00" endTime="2026-06-13T19:12:26.5256352+05:00" testType="13cdc9d9-ddb5-4fa4-a97d-d965ccfc6d4b" outcome="Passed" testListId="8c84fa94-04c1-424b-9868-57a2d4851a1d" relativeResultsDirectory="6aa063c2-7f5b-4e04-a5e6-f16de67ef275" />
    <UnitTestResult executionId="d1d4578f-fded-4e8d-95bc-c7594c2e58ca" testId="27b965b8-38b6-bee5-51a3-ca4d6d05fb1a" testName="Vantuz.Core.Tests.CommandResultTests.Failure_Constructor_SetsProperties" computerName="DESKTOP-NTADQTR" duration="00:00:00.0001922" startTime="2026-06-13T19:12:20.1006560+05:00" endTime="2026-06-13T19:12:20.1006562+05:00" testType="13cdc9d9-ddb5-4fa4-a97d-d965ccfc6d4b" outcome="Passed" testListId="8c84fa94-04c1-424b-9868-57a2d4851a1d" relativeResultsDirectory="d1d4578f-fded-4e8d-95bc-c7594c2e58ca" />
    <UnitTestResult executionId="ab2048f7-a66b-498f-a24f-5693c3a7c66b" testId="f08daa87-a801-ebbe-2f38-e104ce7e5abd" testName="Vantuz.Core.Tests.MinecraftGameQueryProviderTests.CheckVersionAsync_ForgeComplete_ReturnsTrue" computerName="DESKTOP-NTADQTR" duration="00:00:00.3051450" startTime="2026-06-13T19:12:28.7080430+05:00" endTime="2026-06-13T19:12:28.7080438+05:00" testType="13cdc9d9-ddb5-4fa4-a97d-d965ccfc6d4b" outcome="Passed" testListId="8c84fa94-04c1-424b-9868-57a2d4851a1d" relativeResultsDirectory="ab2048f7-a66b-498f-a24f-5693c3a7c66b" />
    <UnitTestResult executionId="87aeb362-215e-4cb9-a8e1-69edb41e3b53" testId="d358d99b-fd27-69b4-d693-f6f14e3eeb19" testName="Vantuz.Core.Tests.GuiModeFunctionalTests.Program_Loads_GuiManifest_NotTemplate" computerName="DESKTOP-NTADQTR" duration="00:00:00.0867329" startTime="2026-06-13T19:12:19.9159396+05:00" endTime="2026-06-13T19:12:19.9159398+05:00" testType="13cdc9d9-ddb5-4fa4-a97d-d965ccfc6d4b" outcome="Passed" testListId="8c84fa94-04c1-424b-9868-57a2d4851a1d" relativeResultsDirectory="87aeb362-215e-4cb9-a8e1-69edb41e3b53" />
    <UnitTestResult executionId="dfd82489-f1f4-41b3-8160-df1033f27b0b" testId="75cfac8b-3249-a70b-7150-059b815e7279" testName="Vantuz.Core.Tests.VariableInterpolationTests.InterpolateVariables_RealisticBootJson_NoUnresolvedPlaceholders" computerName="DESKTOP-NTADQTR" duration="00:00:00.0175653" startTime="2026-06-13T19:12:19.9228668+05:00" endTime="2026-06-13T19:12:19.9228670+05:00" testType="13cdc9d9-ddb5-4fa4-a97d-d965ccfc6d4b" outcome="Passed" testListId="8c84fa94-04c1-424b-9868-57a2d4851a1d" relativeResultsDirectory="dfd82489-f1f4-41b3-8160-df1033f27b0b" />
  </Results>
  <TestDefinitions>
    <UnitTest name="Vantuz.Core.Tests.GuiPipelinePositiveVerificationTests.GuiPipeline_ResolvesAllPlugins" storage="c:\000\projects\compositum\vantuz.core.tests\bin\debug\net8.0\vantuz.core.tests.dll" id="5417a48c-7dc4-7e65-5dde-45f31da74186">
      <Execution id="6e76cc8e-ebf1-4837-b04c-f4909bd4bb2d" />
      <TestMethod codeBase="C:\000\projects\compositum\Vantuz.Core.Tests\bin\Debug\net8.0\Vantuz.Core.Tests.dll" adapterTypeName="executor://xunit/VsTestRunner2/netcoreapp" className="Vantuz.Core.Tests.GuiPipelinePositiveVerificationTests" name="GuiPipeline_ResolvesAllPlugins" />
    </UnitTest>
    <UnitTest name="Vantuz.Core.Tests.UpdateCommandTests.DisposeAsync_CompletesSuccessfully" storage="c:\000\projects\compositum\vantuz.core.tests\bin\debug\net8.0\vantuz.core.tests.dll" id="ccb6976c-25e1-55e4-c9c7-263fb5537833">
      <Execution id="0f5a3f9e-da24-4420-ad9d-7b47d91dc2d0" />
      <TestMethod codeBase="C:\000\projects\compositum\Vantuz.Core.Tests\bin\Debug\net8.0\Vantuz.Core.Tests.dll" adapterTypeName="executor://xunit/VsTestRunner2/netcoreapp" className="Vantuz.Core.Tests.UpdateCommandTests" name="DisposeAsync_CompletesSuccessfully" />
    </UnitTest>
    <UnitTest name="Vantuz.Core.Tests.PipelinePositiveVerificationTests.Manifest_NoUnresolvedPlaceholders(fileName: &quot;boot.minecraft.production.json&quot;)" storage="c:\000\projects\compositum\vantuz.core.tests\bin\debug\net8.0\vantuz.core.tests.dll" id="17064349-f04a-07ea-f999-43fea8de6e1c">
      <Execution id="1a61be3c-8186-4db1-9f13-bd1430c1e4b7" />
      <TestMethod codeBase="C:\000\projects\compositum\Vantuz.Core.Tests\bin\Debug\net8.0\Vantuz.Core.Tests.dll" adapterTypeName="executor://xunit/VsTestRunner2/netcoreapp" className="Vantuz.Core.Tests.PipelinePositiveVerificationTests" name="Manifest_NoUnresolvedPlaceholders" />
    </UnitTest>
    <UnitTest name="Vantuz.Core.Tests.VirtualDescriptorTests.SaveToFileAsync_RelativePath_WritesFile" storage="c:\000\projects\compositum\vantuz.core.tests\bin\debug\net8.0\vantuz.core.tests.dll" id="d6f687e1-8213-6eda-4399-1c4d83c950d4">
      <Execution id="322d9df5-b5f6-40c6-be1f-3c1f7e302f6b" />
      <TestMethod codeBase="C:\000\projects\compositum\Vantuz.Core.Tests\bin\Debug\net8.0\Vantuz.Core.Tests.dll" adapterTypeName="executor://xunit/VsTestRunner2/netcoreapp" className="Vantuz.Core.Tests.VirtualDescriptorTests" name="SaveToFileAsync_RelativePath_WritesFile" />
    </UnitTest>
    <UnitTest name="Vantuz.Core.Tests.VirtualDescriptorTests.WriteToStreamAsync_CopiesDataCorrectly" storage="c:\000\projects\compositum\vantuz.core.tests\bin\debug\net8.0\vantuz.core.tests.dll" id="53cdb778-4edb-926f-6f73-9b2fd8c932de">
      <Execution id="75e6ab0a-bf92-442b-a7f5-12a69b4870bf" />
      <TestMethod codeBase="C:\000\projects\compositum\Vantuz.Core.Tests\bin\Debug\net8.0\Vantuz.Core.Tests.dll" adapterTypeName="executor://xunit/VsTestRunner2/netcoreapp" className="Vantuz.Core.Tests.VirtualDescriptorTests" name="WriteToStreamAsync_CopiesDataCorrectly" />
    </UnitTest>
    <UnitTest name="Vantuz.Core.Tests.UpdateCommandTests.ExecuteAsync_MissingUrl_ThrowsInvalidOperationException" storage="c:\000\projects\compositum\vantuz.core.tests\bin\debug\net8.0\vantuz.core.tests.dll" id="8f5ab4e8-0c7b-eccd-7d6e-553567d7d7a1">
      <Execution id="4870c388-1bb9-4104-b68a-f75e62e983dd" />
      <TestMethod codeBase="C:\000\projects\compositum\Vantuz.Core.Tests\bin\Debug\net8.0\Vantuz.Core.Tests.dll" adapterTypeName="executor://xunit/VsTestRunner2/netcoreapp" className="Vantuz.Core.Tests.UpdateCommandTests" name="ExecuteAsync_MissingUrl_ThrowsInvalidOperationException" />
    </UnitTest>
    <UnitTest name="Vantuz.Core.Tests.MinecraftGameQueryProviderTests.CheckVersionAsync_ForgeIncomplete_ReturnsFalse" storage="c:\000\projects\compositum\vantuz.core.tests\bin\debug\net8.0\vantuz.core.tests.dll" id="d4ba38d1-122c-72df-a9f0-6a5d52730724">
      <Execution id="b412732b-1302-429e-8c40-dcc2988e4116" />
      <TestMethod codeBase="C:\000\projects\compositum\Vantuz.Core.Tests\bin\Debug\net8.0\Vantuz.Core.Tests.dll" adapterTypeName="executor://xunit/VsTestRunner2/netcoreapp" className="Vantuz.Core.Tests.MinecraftGameQueryProviderTests" name="CheckVersionAsync_ForgeIncomplete_ReturnsFalse" />
    </UnitTest>
    <UnitTest name="Vantuz.Core.Tests.VirtualDescriptorTests.Id_UniqueAcrossInstances" storage="c:\000\projects\compositum\vantuz.core.tests\bin\debug\net8.0\vantuz.core.tests.dll" id="7757a13d-1a7f-72ac-2fa5-763d7c8f9a90">
      <Execution id="66b61805-5248-444d-89cf-72407c8141fd" />
      <TestMethod codeBase="C:\000\projects\compositum\Vantuz.Core.Tests\bin\Debug\net8.0\Vantuz.Core.Tests.dll" adapterTypeName="executor://xunit/VsTestRunner2/netcoreapp" className="Vantuz.Core.Tests.VirtualDescriptorTests" name="Id_UniqueAcrossInstances" />
    </UnitTest>
    <UnitTest name="Vantuz.Core.Tests.CommandResultTests.Success_Constructor_SetsProperties" storage="c:\000\projects\compositum\vantuz.core.tests\bin\debug\net8.0\vantuz.core.tests.dll" id="9d82f38f-4f42-5efe-d3a7-983c7c7ee93b">
      <Execution id="b730ac7e-1043-48df-a4bd-54b9d6aec0db" />
      <TestMethod codeBase="C:\000\projects\compositum\Vantuz.Core.Tests\bin\Debug\net8.0\Vantuz.Core.Tests.dll" adapterTypeName="executor://xunit/VsTestRunner2/netcoreapp" className="Vantuz.Core.Tests.CommandResultTests" name="Success_Constructor_SetsProperties" />
    </UnitTest>
    <UnitTest name="Vantuz.Core.Tests.VariableInterpolationTests.InterpolateVariables_CircularDependency_DoesNotHang" storage="c:\000\projects\compositum\vantuz.core.tests\bin\debug\net8.0\vantuz.core.tests.dll" id="8ed1f628-546a-9be4-9711-360f50e39ac9">
      <Execution id="3524c6e7-c193-463e-8e73-72c645aec121" />
      <TestMethod codeBase="C:\000\projects\compositum\Vantuz.Core.Tests\bin\Debug\net8.0\Vantuz.Core.Tests.dll" adapterTypeName="executor://xunit/VsTestRunner2/netcoreapp" className="Vantuz.Core.Tests.VariableInterpolationTests" name="InterpolateVariables_CircularDependency_DoesNotHang" />
    </UnitTest>
    <UnitTest name="Vantuz.Core.Tests.VirtualDescriptorTests.Dispose_MarksInvalid" storage="c:\000\projects\compositum\vantuz.core.tests\bin\debug\net8.0\vantuz.core.tests.dll" id="cd646ece-fb71-7c04-40a7-e43eb9dde127">
      <Execution id="903636b4-cd10-4aeb-8e8a-05e80021f889" />
      <TestMethod codeBase="C:\000\projects\compositum\Vantuz.Core.Tests\bin\Debug\net8.0\Vantuz.Core.Tests.dll" adapterTypeName="executor://xunit/VsTestRunner2/netcoreapp" className="Vantuz.Core.Tests.VirtualDescriptorTests" name="Dispose_MarksInvalid" />
    </UnitTest>
    <UnitTest name="Vantuz.Core.Tests.PipelinePositiveVerificationTests.Manifest_LaunchCommand_IsFollowedByExecuteCommand(fileName: &quot;boot.gui.json&quot;)" storage="c:\000\projects\compositum\vantuz.core.tests\bin\debug\net8.0\vantuz.core.tests.dll" id="2fdd3774-7c85-360d-fa74-7441eadbcbf7">
      <Execution id="4eeba3ea-1338-4d22-a685-18e81355d108" />
      <TestMethod codeBase="C:\000\projects\compositum\Vantuz.Core.Tests\bin\Debug\net8.0\Vantuz.Core.Tests.dll" adapterTypeName="executor://xunit/VsTestRunner2/netcoreapp" className="Vantuz.Core.Tests.PipelinePositiveVerificationTests" name="Manifest_LaunchCommand_IsFollowedByExecuteCommand" />
    </UnitTest>
    <UnitTest name="Vantuz.Core.Tests.PipelinePositiveVerificationTests.Manifest_NoUnresolvedPlaceholders(fileName: &quot;boot.headless.json&quot;)" storage="c:\000\projects\compositum\vantuz.core.tests\bin\debug\net8.0\vantuz.core.tests.dll" id="de27a3a4-5585-1811-f69a-d74b7b44037f">
      <Execution id="28ad0a04-8885-4ab1-ae96-033d2f40b863" />
      <TestMethod codeBase="C:\000\projects\compositum\Vantuz.Core.Tests\bin\Debug\net8.0\Vantuz.Core.Tests.dll" adapterTypeName="executor://xunit/VsTestRunner2/netcoreapp" className="Vantuz.Core.Tests.PipelinePositiveVerificationTests" name="Manifest_NoUnresolvedPlaceholders" />
    </UnitTest>
    <UnitTest name="Vantuz.Core.Tests.PipelinePositiveVerificationTests.Manifest_NoUnresolvedPlaceholders(fileName: &quot;boot.gui.json&quot;)" storage="c:\000\projects\compositum\vantuz.core.tests\bin\debug\net8.0\vantuz.core.tests.dll" id="5b2a8097-f07c-36bd-324a-bdc2320e5f2d">
      <Execution id="a04910c5-68c1-4d47-964c-5da13fbd029a" />
      <TestMethod codeBase="C:\000\projects\compositum\Vantuz.Core.Tests\bin\Debug\net8.0\Vantuz.Core.Tests.dll" adapterTypeName="executor://xunit/VsTestRunner2/netcoreapp" className="Vantuz.Core.Tests.PipelinePositiveVerificationTests" name="Manifest_NoUnresolvedPlaceholders" />
    </UnitTest>
    <UnitTest name="Vantuz.Core.Tests.PipelinePositiveVerificationTests.BootHeadlessJson_StepsMatchExpectedSet" storage="c:\000\projects\compositum\vantuz.core.tests\bin\debug\net8.0\vantuz.core.tests.dll" id="184bf7b2-dc0f-4b9c-0917-ff393766eaa3">
      <Execution id="11a86211-9c96-4c4c-bbb8-3fa315c27d3a" />
      <TestMethod codeBase="C:\000\projects\compositum\Vantuz.Core.Tests\bin\Debug\net8.0\Vantuz.Core.Tests.dll" adapterTypeName="executor://xunit/VsTestRunner2/netcoreapp" className="Vantuz.Core.Tests.PipelinePositiveVerificationTests" name="BootHeadlessJson_StepsMatchExpectedSet" />
    </UnitTest>
    <UnitTest name="Vantuz.Core.Tests.VariableInterpolationTests.InterpolateVariables_ChainedDependencies_ResolvesTransitively" storage="c:\000\projects\compositum\vantuz.core.tests\bin\debug\net8.0\vantuz.core.tests.dll" id="2ede7db6-f9e3-8c2c-4030-c3ebeefecce1">
      <Execution id="ef057701-e898-4ea0-a220-589279cc1dd5" />
      <TestMethod codeBase="C:\000\projects\compositum\Vantuz.Core.Tests\bin\Debug\net8.0\Vantuz.Core.Tests.dll" adapterTypeName="executor://xunit/VsTestRunner2/netcoreapp" className="Vantuz.Core.Tests.VariableInterpolationTests" name="InterpolateVariables_ChainedDependencies_ResolvesTransitively" />
    </UnitTest>
    <UnitTest name="Vantuz.Core.Tests.DeltaAnalyzerQueryTests.ExecuteAsync_EmptyTargetState_ReturnsEmptyQueues" storage="c:\000\projects\compositum\vantuz.core.tests\bin\debug\net8.0\vantuz.core.tests.dll" id="63807933-805d-5294-e6a0-1292022b3518">
      <Execution id="d33df87f-5b33-4e5d-b0fc-be90e2fa0aa5" />
      <TestMethod codeBase="C:\000\projects\compositum\Vantuz.Core.Tests\bin\Debug\net8.0\Vantuz.Core.Tests.dll" adapterTypeName="executor://xunit/VsTestRunner2/netcoreapp" className="Vantuz.Core.Tests.DeltaAnalyzerQueryTests" name="ExecuteAsync_EmptyTargetState_ReturnsEmptyQueues" />
    </UnitTest>
    <UnitTest name="Vantuz.Core.Tests.VirtualDescriptorTests.FromMemory_NullData_ThrowsArgumentNullException" storage="c:\000\projects\compositum\vantuz.core.tests\bin\debug\net8.0\vantuz.core.tests.dll" id="221c78a4-c539-b830-a354-26d2e5524c6e">
      <Execution id="06606bfb-117e-45a4-b24a-6baa61928e7a" />
      <TestMethod codeBase="C:\000\projects\compositum\Vantuz.Core.Tests\bin\Debug\net8.0\Vantuz.Core.Tests.dll" adapterTypeName="executor://xunit/VsTestRunner2/netcoreapp" className="Vantuz.Core.Tests.VirtualDescriptorTests" name="FromMemory_NullData_ThrowsArgumentNullException" />
    </UnitTest>
    <UnitTest name="Vantuz.Core.Tests.VariableInterpolationTests.InterpolateVariables_EnvironmentVariable_Resolves" storage="c:\000\projects\compositum\vantuz.core.tests\bin\debug\net8.0\vantuz.core.tests.dll" id="caedb91e-215d-ab53-d2d2-ea06de83613b">
      <Execution id="e1088dbe-4cb7-4c37-b13b-a688edbd7d52" />
      <TestMethod codeBase="C:\000\projects\compositum\Vantuz.Core.Tests\bin\Debug\net8.0\Vantuz.Core.Tests.dll" adapterTypeName="executor://xunit/VsTestRunner2/netcoreapp" className="Vantuz.Core.Tests.VariableInterpolationTests" name="InterpolateVariables_EnvironmentVariable_Resolves" />
    </UnitTest>
    <UnitTest name="Vantuz.Core.Tests.MinecraftGameQueryProviderTests.CheckVersionAsync_VanillaComplete_ReturnsTrue" storage="c:\000\projects\compositum\vantuz.core.tests\bin\debug\net8.0\vantuz.core.tests.dll" id="79e51082-c5ec-0800-74c8-b0096ad0d250">
      <Execution id="32dfabc0-2ab3-4f78-9d43-8d369ca4150e" />
      <TestMethod codeBase="C:\000\projects\compositum\Vantuz.Core.Tests\bin\Debug\net8.0\Vantuz.Core.Tests.dll" adapterTypeName="executor://xunit/VsTestRunner2/netcoreapp" className="Vantuz.Core.Tests.MinecraftGameQueryProviderTests" name="CheckVersionAsync_VanillaComplete_ReturnsTrue" />
    </UnitTest>
    <UnitTest name="Vantuz.Core.Tests.VariableInterpolationTests.InterpolateVariables_RealisticBootJson_NoUnresolvedPlaceholders" storage="c:\000\projects\compositum\vantuz.core.tests\bin\debug\net8.0\vantuz.core.tests.dll" id="75cfac8b-3249-a70b-7150-059b815e7279">
      <Execution id="dfd82489-f1f4-41b3-8160-df1033f27b0b" />
      <TestMethod codeBase="C:\000\projects\compositum\Vantuz.Core.Tests\bin\Debug\net8.0\Vantuz.Core.Tests.dll" adapterTypeName="executor://xunit/VsTestRunner2/netcoreapp" className="Vantuz.Core.Tests.VariableInterpolationTests" name="InterpolateVariables_RealisticBootJson_NoUnresolvedPlaceholders" />
    </UnitTest>
    <UnitTest name="Vantuz.Core.Tests.LaunchArgumentValidationTests.ExecuteCommand_UnresolvedPlaceholder_ReturnsFailureWithClearMessage" storage="c:\000\projects\compositum\vantuz.core.tests\bin\debug\net8.0\vantuz.core.tests.dll" id="eea26664-1b21-7fc4-cfb6-14b6b0a52392">
      <Execution id="356dc18b-e84d-4674-b519-f51df753240c" />
      <TestMethod codeBase="C:\000\projects\compositum\Vantuz.Core.Tests\bin\Debug\net8.0\Vantuz.Core.Tests.dll" adapterTypeName="executor://xunit/VsTestRunner2/netcoreapp" className="Vantuz.Core.Tests.LaunchArgumentValidationTests" name="ExecuteCommand_UnresolvedPlaceholder_ReturnsFailureWithClearMessage" />
    </UnitTest>
    <UnitTest name="Vantuz.Core.Tests.DeltaAnalyzerQueryTests.ExecuteAsync_MissingMcDir_ThrowsInvalidOperationException" storage="c:\000\projects\compositum\vantuz.core.tests\bin\debug\net8.0\vantuz.core.tests.dll" id="0a701ac8-4295-2402-109a-926518494446">
      <Execution id="e2586441-34dd-431f-a8bd-fe9767b427ae" />
      <TestMethod codeBase="C:\000\projects\compositum\Vantuz.Core.Tests\bin\Debug\net8.0\Vantuz.Core.Tests.dll" adapterTypeName="executor://xunit/VsTestRunner2/netcoreapp" className="Vantuz.Core.Tests.DeltaAnalyzerQueryTests" name="ExecuteAsync_MissingMcDir_ThrowsInvalidOperationException" />
    </UnitTest>
    <UnitTest name="Vantuz.Core.Tests.ApiReaderQueryTests.DisposeAsync_CompletesSuccessfully" storage="c:\000\projects\compositum\vantuz.core.tests\bin\debug\net8.0\vantuz.core.tests.dll" id="9aa7ad5d-b7b3-621f-b9e0-44d033aad333">
      <Execution id="38c10191-0e78-46d0-b57b-142c7284b0d5" />
      <TestMethod codeBase="C:\000\projects\compositum\Vantuz.Core.Tests\bin\Debug\net8.0\Vantuz.Core.Tests.dll" adapterTypeName="executor://xunit/VsTestRunner2/netcoreapp" className="Vantuz.Core.Tests.ApiReaderQueryTests" name="DisposeAsync_CompletesSuccessfully" />
    </UnitTest>
    <UnitTest name="Vantuz.Core.Tests.MinecraftGameQueryProviderTests.ParseForgeVersion_FallbackSplit_ReturnsCorrectTuple" storage="c:\000\projects\compositum\vantuz.core.tests\bin\debug\net8.0\vantuz.core.tests.dll" id="1790ff60-a008-acbb-75b7-6e93f437c51b">
      <Execution id="a587daed-ec3b-4f8c-9315-8d520eebe037" />
      <TestMethod codeBase="C:\000\projects\compositum\Vantuz.Core.Tests\bin\Debug\net8.0\Vantuz.Core.Tests.dll" adapterTypeName="executor://xunit/VsTestRunner2/netcoreapp" className="Vantuz.Core.Tests.MinecraftGameQueryProviderTests" name="ParseForgeVersion_FallbackSplit_ReturnsCorrectTuple" />
    </UnitTest>
    <UnitTest name="Vantuz.Core.Tests.VirtualDescriptorTests.FromMemory_ValidData_CreatesDescriptor" storage="c:\000\projects\compositum\vantuz.core.tests\bin\debug\net8.0\vantuz.core.tests.dll" id="7ddadfa2-f2fc-4a40-8c35-a8a4a0a441bf">
      <Execution id="6edc6dcd-4ec7-46bc-a128-e9af568e5eb0" />
      <TestMethod codeBase="C:\000\projects\compositum\Vantuz.Core.Tests\bin\Debug\net8.0\Vantuz.Core.Tests.dll" adapterTypeName="executor://xunit/VsTestRunner2/netcoreapp" className="Vantuz.Core.Tests.VirtualDescriptorTests" name="FromMemory_ValidData_CreatesDescriptor" />
    </UnitTest>
    <UnitTest name="Vantuz.Core.Tests.UpdateCommandTests.ExecuteAsync_SameVersion_ReturnsSuccessWithoutDownload" storage="c:\000\projects\compositum\vantuz.core.tests\bin\debug\net8.0\vantuz.core.tests.dll" id="bbf9caf0-6112-153d-9f8d-1f9dc0ba190d">
      <Execution id="66042754-c6eb-4bbb-8b12-af4f831e1b8c" />
      <TestMethod codeBase="C:\000\projects\compositum\Vantuz.Core.Tests\bin\Debug\net8.0\Vantuz.Core.Tests.dll" adapterTypeName="executor://xunit/VsTestRunner2/netcoreapp" className="Vantuz.Core.Tests.UpdateCommandTests" name="ExecuteAsync_SameVersion_ReturnsSuccessWithoutDownload" />
    </UnitTest>
    <UnitTest name="Vantuz.Core.Tests.MinecraftGameQueryProviderTests.CheckVersionAsync_VanillaIncomplete_ReturnsFalse" storage="c:\000\projects\compositum\vantuz.core.tests\bin\debug\net8.0\vantuz.core.tests.dll" id="8146708f-5a23-410a-3b2b-86ab46376a5a">
      <Execution id="6fddc66e-107d-4d74-90d4-95286a2eb351" />
      <TestMethod codeBase="C:\000\projects\compositum\Vantuz.Core.Tests\bin\Debug\net8.0\Vantuz.Core.Tests.dll" adapterTypeName="executor://xunit/VsTestRunner2/netcoreapp" className="Vantuz.Core.Tests.MinecraftGameQueryProviderTests" name="CheckVersionAsync_VanillaIncomplete_ReturnsFalse" />
    </UnitTest>
    <UnitTest name="Vantuz.Core.Tests.GuiModeProcessTests.GuiMode_ProcessStarts_WindowAppearsWithin10Seconds" storage="c:\000\projects\compositum\vantuz.core.tests\bin\debug\net8.0\vantuz.core.tests.dll" id="6610700f-012b-0b62-cefd-986d8f87c629">
      <Execution id="c071911e-4f70-4041-884f-6e68efcdcde5" />
      <TestMethod codeBase="C:\000\projects\compositum\Vantuz.Core.Tests\bin\Debug\net8.0\Vantuz.Core.Tests.dll" adapterTypeName="executor://xunit/VsTestRunner2/netcoreapp" className="Vantuz.Core.Tests.GuiModeProcessTests" name="GuiMode_ProcessStarts_WindowAppearsWithin10Seconds" />
    </UnitTest>
    <UnitTest name="Vantuz.Core.Tests.LaunchArgumentValidationTests.GameLaunchCommand_ResolvedInstallDir_GameArgsContainsNoPlaceholders" storage="c:\000\projects\compositum\vantuz.core.tests\bin\debug\net8.0\vantuz.core.tests.dll" id="c51b34ef-4ac0-f70c-a4c5-b3f89b14361b">
      <Execution id="6363f5f8-a27f-428e-a753-1fa4c56c3a53" />
      <TestMethod codeBase="C:\000\projects\compositum\Vantuz.Core.Tests\bin\Debug\net8.0\Vantuz.Core.Tests.dll" adapterTypeName="executor://xunit/VsTestRunner2/netcoreapp" className="Vantuz.Core.Tests.LaunchArgumentValidationTests" name="GameLaunchCommand_ResolvedInstallDir_GameArgsContainsNoPlaceholders" />
    </UnitTest>
    <UnitTest name="Vantuz.Core.Tests.MinecraftGameQueryProviderTests.GameInstallerCommand_ForgeAlreadyInstalled_SkipsInstall" storage="c:\000\projects\compositum\vantuz.core.tests\bin\debug\net8.0\vantuz.core.tests.dll" id="c567b5f7-63e6-3ff7-0109-bb551c579b2d">
      <Execution id="df293ce2-e96b-45b6-9a2c-038fac000e94" />
      <TestMethod codeBase="C:\000\projects\compositum\Vantuz.Core.Tests\bin\Debug\net8.0\Vantuz.Core.Tests.dll" adapterTypeName="executor://xunit/VsTestRunner2/netcoreapp" className="Vantuz.Core.Tests.MinecraftGameQueryProviderTests" name="GameInstallerCommand_ForgeAlreadyInstalled_SkipsInstall" />
    </UnitTest>
    <UnitTest name="Vantuz.Core.Tests.VariableInterpolationTests.InterpolateVariables_DependentVariables_ResolvesInOrder" storage="c:\000\projects\compositum\vantuz.core.tests\bin\debug\net8.0\vantuz.core.tests.dll" id="d3dac384-ae1f-5876-07f2-1bcf0e9f9683">
      <Execution id="62e542cb-a83b-4a6c-8660-72cb08012576" />
      <TestMethod codeBase="C:\000\projects\compositum\Vantuz.Core.Tests\bin\Debug\net8.0\Vantuz.Core.Tests.dll" adapterTypeName="executor://xunit/VsTestRunner2/netcoreapp" className="Vantuz.Core.Tests.VariableInterpolationTests" name="InterpolateVariables_DependentVariables_ResolvesInOrder" />
    </UnitTest>
    <UnitTest name="Vantuz.Core.Tests.HeadlessSmokeTests.HeadlessSmokeTest_ExitsWithoutCriticalError" storage="c:\000\projects\compositum\vantuz.core.tests\bin\debug\net8.0\vantuz.core.tests.dll" id="266b97bd-0a78-5b99-c908-e3c9177da4de">
      <Execution id="6c58247c-3338-484c-a264-5278c737ee87" />
      <TestMethod codeBase="C:\000\projects\compositum\Vantuz.Core.Tests\bin\Debug\net8.0\Vantuz.Core.Tests.dll" adapterTypeName="executor://xunit/VsTestRunner2/netcoreapp" className="Vantuz.Core.Tests.HeadlessSmokeTests" name="HeadlessSmokeTest_ExitsWithoutCriticalError" />
    </UnitTest>
    <UnitTest name="Vantuz.Core.Tests.ApiReaderQueryTests.ExecuteAsync_MissingPayloadKey_ThrowsInvalidOperationException" storage="c:\000\projects\compositum\vantuz.core.tests\bin\debug\net8.0\vantuz.core.tests.dll" id="b514ffe9-bfa2-ae27-aee0-7a78b9baeeb4">
      <Execution id="e83cb4de-0c7b-49a2-9ac4-53c985eaed5c" />
      <TestMethod codeBase="C:\000\projects\compositum\Vantuz.Core.Tests\bin\Debug\net8.0\Vantuz.Core.Tests.dll" adapterTypeName="executor://xunit/VsTestRunner2/netcoreapp" className="Vantuz.Core.Tests.ApiReaderQueryTests" name="ExecuteAsync_MissingPayloadKey_ThrowsInvalidOperationException" />
    </UnitTest>
    <UnitTest name="Vantuz.Core.Tests.VariableInterpolationTests.InterpolateVariables_PayloadOverridesVariable" storage="c:\000\projects\compositum\vantuz.core.tests\bin\debug\net8.0\vantuz.core.tests.dll" id="8f30efbc-7e3d-ab47-0825-e02fd91dce70">
      <Execution id="eafe1a40-9f10-4177-a579-7a10156c48a8" />
      <TestMethod codeBase="C:\000\projects\compositum\Vantuz.Core.Tests\bin\Debug\net8.0\Vantuz.Core.Tests.dll" adapterTypeName="executor://xunit/VsTestRunner2/netcoreapp" className="Vantuz.Core.Tests.VariableInterpolationTests" name="InterpolateVariables_PayloadOverridesVariable" />
    </UnitTest>
    <UnitTest name="Vantuz.Core.Tests.GuiModeFunctionalTests.GuiManifest_GameVersion_IsValidForgeFormat" storage="c:\000\projects\compositum\vantuz.core.tests\bin\debug\net8.0\vantuz.core.tests.dll" id="5218aab3-91e5-4d02-6f4b-36bb8169aaad">
      <Execution id="ec361461-1fbd-4262-a115-63cec58b52e9" />
      <TestMethod codeBase="C:\000\projects\compositum\Vantuz.Core.Tests\bin\Debug\net8.0\Vantuz.Core.Tests.dll" adapterTypeName="executor://xunit/VsTestRunner2/netcoreapp" className="Vantuz.Core.Tests.GuiModeFunctionalTests" name="GuiManifest_GameVersion_IsValidForgeFormat" />
    </UnitTest>
    <UnitTest name="Vantuz.Core.Tests.GuiPipelinePositiveVerificationTests.BootGuiJson_StepsMatchExpectedSet" storage="c:\000\projects\compositum\vantuz.core.tests\bin\debug\net8.0\vantuz.core.tests.dll" id="60f71c30-2701-977b-d59a-5eb8477cee78">
      <Execution id="41ad144d-dd68-42ba-bee4-caf881010f71" />
      <TestMethod codeBase="C:\000\projects\compositum\Vantuz.Core.Tests\bin\Debug\net8.0\Vantuz.Core.Tests.dll" adapterTypeName="executor://xunit/VsTestRunner2/netcoreapp" className="Vantuz.Core.Tests.GuiPipelinePositiveVerificationTests" name="BootGuiJson_StepsMatchExpectedSet" />
    </UnitTest>
    <UnitTest name="Vantuz.Core.Tests.VirtualDescriptorTests.FromString_RoundTrip_ReturnsOriginalString" storage="c:\000\projects\compositum\vantuz.core.tests\bin\debug\net8.0\vantuz.core.tests.dll" id="81b852e3-0a1c-e06a-ad5b-51073b275572">
      <Execution id="d89a1bdb-241a-4ee7-87b5-dda89c58a269" />
      <TestMethod codeBase="C:\000\projects\compositum\Vantuz.Core.Tests\bin\Debug\net8.0\Vantuz.Core.Tests.dll" adapterTypeName="executor://xunit/VsTestRunner2/netcoreapp" className="Vantuz.Core.Tests.VirtualDescriptorTests" name="FromString_RoundTrip_ReturnsOriginalString" />
    </UnitTest>
    <UnitTest name="Vantuz.Core.Tests.PipelinePositiveVerificationTests.Headless_RunsAllSteps_AndLogsPositiveMarkers" storage="c:\000\projects\compositum\vantuz.core.tests\bin\debug\net8.0\vantuz.core.tests.dll" id="3ab3a265-65e5-6c60-d4c2-773914ebd1ce">
      <Execution id="6aa2cbd5-b918-4a62-bd5f-89af638107b4" />
      <TestMethod codeBase="C:\000\projects\compositum\Vantuz.Core.Tests\bin\Debug\net8.0\Vantuz.Core.Tests.dll" adapterTypeName="executor://xunit/VsTestRunner2/netcoreapp" className="Vantuz.Core.Tests.PipelinePositiveVerificationTests" name="Headless_RunsAllSteps_AndLogsPositiveMarkers" />
    </UnitTest>
    <UnitTest name="Vantuz.Core.Tests.VariableInterpolationTests.InterpolateVariables_SpecialFolder_Resolves" storage="c:\000\projects\compositum\vantuz.core.tests\bin\debug\net8.0\vantuz.core.tests.dll" id="8d9f625b-eca0-caaf-80b7-0208b4fb0a84">
      <Execution id="e8f6fe66-d52c-4253-a66e-01ee6c5aba51" />
      <TestMethod codeBase="C:\000\projects\compositum\Vantuz.Core.Tests\bin\Debug\net8.0\Vantuz.Core.Tests.dll" adapterTypeName="executor://xunit/VsTestRunner2/netcoreapp" className="Vantuz.Core.Tests.VariableInterpolationTests" name="InterpolateVariables_SpecialFolder_Resolves" />
    </UnitTest>
    <UnitTest name="Vantuz.Core.Tests.GuiPipelinePositiveVerificationTests.GuiPipeline_ExecutesWithoutPluginNotFoundCrash" storage="c:\000\projects\compositum\vantuz.core.tests\bin\debug\net8.0\vantuz.core.tests.dll" id="17bbd0b6-9b48-5d98-6178-af45a2de6271">
      <Execution id="6aa063c2-7f5b-4e04-a5e6-f16de67ef275" />
      <TestMethod codeBase="C:\000\projects\compositum\Vantuz.Core.Tests\bin\Debug\net8.0\Vantuz.Core.Tests.dll" adapterTypeName="executor://xunit/VsTestRunner2/netcoreapp" className="Vantuz.Core.Tests.GuiPipelinePositiveVerificationTests" name="GuiPipeline_ExecutesWithoutPluginNotFoundCrash" />
    </UnitTest>
    <UnitTest name="Vantuz.Core.Tests.ApiReaderQueryTests.ExecuteAsync_MissingUrl_ThrowsInvalidOperationException" storage="c:\000\projects\compositum\vantuz.core.tests\bin\debug\net8.0\vantuz.core.tests.dll" id="f905ca6a-932e-c1eb-f928-e552453b460a">
      <Execution id="303a7c6e-c0c9-4b08-8111-b76a85e1d354" />
      <TestMethod codeBase="C:\000\projects\compositum\Vantuz.Core.Tests\bin\Debug\net8.0\Vantuz.Core.Tests.dll" adapterTypeName="executor://xunit/VsTestRunner2/netcoreapp" className="Vantuz.Core.Tests.ApiReaderQueryTests" name="ExecuteAsync_MissingUrl_ThrowsInvalidOperationException" />
    </UnitTest>
    <UnitTest name="Vantuz.Core.Tests.LaunchArgumentValidationTests.ExecuteCommand_DummyExecutable_ReturnsSuccess" storage="c:\000\projects\compositum\vantuz.core.tests\bin\debug\net8.0\vantuz.core.tests.dll" id="f8b02280-d58f-52cd-2ac9-ef5216be18cb">
      <Execution id="900e8065-0fc4-4843-84cb-e084c86494b5" />
      <TestMethod codeBase="C:\000\projects\compositum\Vantuz.Core.Tests\bin\Debug\net8.0\Vantuz.Core.Tests.dll" adapterTypeName="executor://xunit/VsTestRunner2/netcoreapp" className="Vantuz.Core.Tests.LaunchArgumentValidationTests" name="ExecuteCommand_DummyExecutable_ReturnsSuccess" />
    </UnitTest>
    <UnitTest name="Vantuz.Core.Tests.GuiModeProcessTests.GuiMode_ProcessKilled_NoZombieRemains" storage="c:\000\projects\compositum\vantuz.core.tests\bin\debug\net8.0\vantuz.core.tests.dll" id="c9ca4d7b-e0a1-0209-423b-deb7dda946f9">
      <Execution id="f4dc0cae-fbc9-442f-94a2-52ebeb75f1df" />
      <TestMethod codeBase="C:\000\projects\compositum\Vantuz.Core.Tests\bin\Debug\net8.0\Vantuz.Core.Tests.dll" adapterTypeName="executor://xunit/VsTestRunner2/netcoreapp" className="Vantuz.Core.Tests.GuiModeProcessTests" name="GuiMode_ProcessKilled_NoZombieRemains" />
    </UnitTest>
    <UnitTest name="Vantuz.Core.Tests.LaunchArgumentValidationTests.GameLaunchCommand_MissingInstallDir_ReturnsFailureWithClearMessage" storage="c:\000\projects\compositum\vantuz.core.tests\bin\debug\net8.0\vantuz.core.tests.dll" id="4852611b-0209-d6fb-14e1-c9b26927339e">
      <Execution id="4270c62a-7c27-4ae5-bf82-c16729f2b732" />
      <TestMethod codeBase="C:\000\projects\compositum\Vantuz.Core.Tests\bin\Debug\net8.0\Vantuz.Core.Tests.dll" adapterTypeName="executor://xunit/VsTestRunner2/netcoreapp" className="Vantuz.Core.Tests.LaunchArgumentValidationTests" name="GameLaunchCommand_MissingInstallDir_ReturnsFailureWithClearMessage" />
    </UnitTest>
    <UnitTest name="Vantuz.Core.Tests.MinecraftGameQueryProviderTests.ParseForgeVersion_StandardFormat_ReturnsCorrectTuple" storage="c:\000\projects\compositum\vantuz.core.tests\bin\debug\net8.0\vantuz.core.tests.dll" id="d5eb4ca5-2d34-490a-fa47-a0fdfd9e600c">
      <Execution id="930c5d71-374c-4972-8f5d-458f954401b9" />
      <TestMethod codeBase="C:\000\projects\compositum\Vantuz.Core.Tests\bin\Debug\net8.0\Vantuz.Core.Tests.dll" adapterTypeName="executor://xunit/VsTestRunner2/netcoreapp" className="Vantuz.Core.Tests.MinecraftGameQueryProviderTests" name="ParseForgeVersion_StandardFormat_ReturnsCorrectTuple" />
    </UnitTest>
    <UnitTest name="Vantuz.Core.Tests.LaunchArgumentValidationTests.GameLaunchCommand_MissingJava_ReturnsFailureWithClearMessage" storage="c:\000\projects\compositum\vantuz.core.tests\bin\debug\net8.0\vantuz.core.tests.dll" id="29e75204-ae1f-90d0-2658-3545ee5766ca">
      <Execution id="3972ae43-7b80-4a30-aa46-080535ea9dd9" />
      <TestMethod codeBase="C:\000\projects\compositum\Vantuz.Core.Tests\bin\Debug\net8.0\Vantuz.Core.Tests.dll" adapterTypeName="executor://xunit/VsTestRunner2/netcoreapp" className="Vantuz.Core.Tests.LaunchArgumentValidationTests" name="GameLaunchCommand_MissingJava_ReturnsFailureWithClearMessage" />
    </UnitTest>
    <UnitTest name="Vantuz.Core.Tests.GuiModeProcessTests.GuiMode_FullLaunch_NoApplicationInstanceErrorInTraceLog" storage="c:\000\projects\compositum\vantuz.core.tests\bin\debug\net8.0\vantuz.core.tests.dll" id="f8367f7a-9cce-e548-cd48-ef95c0e76341">
      <Execution id="71e5a08b-850f-4c0e-a65f-1e36481ca426" />
      <TestMethod codeBase="C:\000\projects\compositum\Vantuz.Core.Tests\bin\Debug\net8.0\Vantuz.Core.Tests.dll" adapterTypeName="executor://xunit/VsTestRunner2/netcoreapp" className="Vantuz.Core.Tests.GuiModeProcessTests" name="GuiMode_FullLaunch_NoApplicationInstanceErrorInTraceLog" />
    </UnitTest>
    <UnitTest name="Vantuz.Core.Tests.MinecraftGameQueryProviderTests.CheckVersionAsync_MissingVersion_ReturnsFalse" storage="c:\000\projects\compositum\vantuz.core.tests\bin\debug\net8.0\vantuz.core.tests.dll" id="6a60efa8-909b-9c74-1baa-597a1d34a5ae">
      <Execution id="441bd7ad-9bfa-48c6-882e-e1e8ee8a28d8" />
      <TestMethod codeBase="C:\000\projects\compositum\Vantuz.Core.Tests\bin\Debug\net8.0\Vantuz.Core.Tests.dll" adapterTypeName="executor://xunit/VsTestRunner2/netcoreapp" className="Vantuz.Core.Tests.MinecraftGameQueryProviderTests" name="CheckVersionAsync_MissingVersion_ReturnsFalse" />
    </UnitTest>
    <UnitTest name="Vantuz.Core.Tests.GuiModeFunctionalTests.AllManifests_HaveConsistentGameProvider" storage="c:\000\projects\compositum\vantuz.core.tests\bin\debug\net8.0\vantuz.core.tests.dll" id="3a83f0e2-c1cd-83c4-b0f6-7c8beacdc660">
      <Execution id="500c1234-592d-4d39-957e-10b4d84cb8ce" />
      <TestMethod codeBase="C:\000\projects\compositum\Vantuz.Core.Tests\bin\Debug\net8.0\Vantuz.Core.Tests.dll" adapterTypeName="executor://xunit/VsTestRunner2/netcoreapp" className="Vantuz.Core.Tests.GuiModeFunctionalTests" name="AllManifests_HaveConsistentGameProvider" />
    </UnitTest>
    <UnitTest name="Vantuz.Core.Tests.PipelinePositiveVerificationTests.Manifest_LaunchCommand_IsFollowedByExecuteCommand(fileName: &quot;boot.minecraft.production.json&quot;)" storage="c:\000\projects\compositum\vantuz.core.tests\bin\debug\net8.0\vantuz.core.tests.dll" id="29af152b-9368-65cd-1274-6d4f24ccf49a">
      <Execution id="ab1039d2-bc28-4c18-b0f1-f1ec190e6d6b" />
      <TestMethod codeBase="C:\000\projects\compositum\Vantuz.Core.Tests\bin\Debug\net8.0\Vantuz.Core.Tests.dll" adapterTypeName="executor://xunit/VsTestRunner2/netcoreapp" className="Vantuz.Core.Tests.PipelinePositiveVerificationTests" name="Manifest_LaunchCommand_IsFollowedByExecuteCommand" />
    </UnitTest>
    <UnitTest name="Vantuz.Core.Tests.HeadlessSmokeTests.BootJson_ParsesWithoutNullReference" storage="c:\000\projects\compositum\vantuz.core.tests\bin\debug\net8.0\vantuz.core.tests.dll" id="ce42e30e-97b2-6b7a-7fbe-110c861c48a4">
      <Execution id="8f65aac0-eaab-4338-8b1a-31dcfc5a972a" />
      <TestMethod codeBase="C:\000\projects\compositum\Vantuz.Core.Tests\bin\Debug\net8.0\Vantuz.Core.Tests.dll" adapterTypeName="executor://xunit/VsTestRunner2/netcoreapp" className="Vantuz.Core.Tests.HeadlessSmokeTests" name="BootJson_ParsesWithoutNullReference" />
    </UnitTest>
    <UnitTest name="Vantuz.Core.Tests.GuiModeFunctionalTests.Program_Loads_GuiManifest_NotTemplate" storage="c:\000\projects\compositum\vantuz.core.tests\bin\debug\net8.0\vantuz.core.tests.dll" id="d358d99b-fd27-69b4-d693-f6f14e3eeb19">
      <Execution id="87aeb362-215e-4cb9-a8e1-69edb41e3b53" />
      <TestMethod codeBase="C:\000\projects\compositum\Vantuz.Core.Tests\bin\Debug\net8.0\Vantuz.Core.Tests.dll" adapterTypeName="executor://xunit/VsTestRunner2/netcoreapp" className="Vantuz.Core.Tests.GuiModeFunctionalTests" name="Program_Loads_GuiManifest_NotTemplate" />
    </UnitTest>
    <UnitTest name="Vantuz.Core.Tests.GuiModeFunctionalTests.GeneratedBootJson_MatchesGuiManifest_GameVersion" storage="c:\000\projects\compositum\vantuz.core.tests\bin\debug\net8.0\vantuz.core.tests.dll" id="ab5c9426-00bd-ded5-bb10-dd52f314a81c">
      <Execution id="4b1e3512-ecc9-4c9d-8c21-c259d7917ea7" />
      <TestMethod codeBase="C:\000\projects\compositum\Vantuz.Core.Tests\bin\Debug\net8.0\Vantuz.Core.Tests.dll" adapterTypeName="executor://xunit/VsTestRunner2/netcoreapp" className="Vantuz.Core.Tests.GuiModeFunctionalTests" name="GeneratedBootJson_MatchesGuiManifest_GameVersion" />
    </UnitTest>
    <UnitTest name="Vantuz.Core.Tests.VirtualDescriptorTests.SaveToFileAsync_AbsolutePath_ThrowsArgumentException" storage="c:\000\projects\compositum\vantuz.core.tests\bin\debug\net8.0\vantuz.core.tests.dll" id="5917c7b7-5a0e-8737-3572-f6a2a16c3772">
      <Execution id="4173720c-6edb-4862-900d-98240f3d4d2b" />
      <TestMethod codeBase="C:\000\projects\compositum\Vantuz.Core.Tests\bin\Debug\net8.0\Vantuz.Core.Tests.dll" adapterTypeName="executor://xunit/VsTestRunner2/netcoreapp" className="Vantuz.Core.Tests.VirtualDescriptorTests" name="SaveToFileAsync_AbsolutePath_ThrowsArgumentException" />
    </UnitTest>
    <UnitTest name="Vantuz.Core.Tests.MinecraftGameQueryProviderTests.InstallVersionAsync_ForgePath_CallsLibraryResolver" storage="c:\000\projects\compositum\vantuz.core.tests\bin\debug\net8.0\vantuz.core.tests.dll" id="11a1f760-fed3-dcfb-3ab4-b535c7eb8c88">
      <Execution id="4e2201ec-737f-4fe9-ae2e-a8984a7526ca" />
      <TestMethod codeBase="C:\000\projects\compositum\Vantuz.Core.Tests\bin\Debug\net8.0\Vantuz.Core.Tests.dll" adapterTypeName="executor://xunit/VsTestRunner2/netcoreapp" className="Vantuz.Core.Tests.MinecraftGameQueryProviderTests" name="InstallVersionAsync_ForgePath_CallsLibraryResolver" />
    </UnitTest>
    <UnitTest name="Vantuz.Core.Tests.MinecraftGameQueryProviderTests.CheckVersionAsync_ForgeBootstrapLauncherMissing_ReturnsFalse" storage="c:\000\projects\compositum\vantuz.core.tests\bin\debug\net8.0\vantuz.core.tests.dll" id="61c0659c-8cfc-c492-3f2a-da63d40da228">
      <Execution id="9f62cdae-c8f7-436f-b084-811fb306cf00" />
      <TestMethod codeBase="C:\000\projects\compositum\Vantuz.Core.Tests\bin\Debug\net8.0\Vantuz.Core.Tests.dll" adapterTypeName="executor://xunit/VsTestRunner2/netcoreapp" className="Vantuz.Core.Tests.MinecraftGameQueryProviderTests" name="CheckVersionAsync_ForgeBootstrapLauncherMissing_ReturnsFalse" />
    </UnitTest>
    <UnitTest name="Vantuz.Core.Tests.LaunchArgumentValidationTests.GameLaunchCommand_UnresolvedInstallDir_FailsBeforeProvider" storage="c:\000\projects\compositum\vantuz.core.tests\bin\debug\net8.0\vantuz.core.tests.dll" id="377fa45c-ab02-859b-ac30-5585751c9fce">
      <Execution id="0a41dc98-7df0-4378-82cc-635b8913272d" />
      <TestMethod codeBase="C:\000\projects\compositum\Vantuz.Core.Tests\bin\Debug\net8.0\Vantuz.Core.Tests.dll" adapterTypeName="executor://xunit/VsTestRunner2/netcoreapp" className="Vantuz.Core.Tests.LaunchArgumentValidationTests" name="GameLaunchCommand_UnresolvedInstallDir_FailsBeforeProvider" />
    </UnitTest>
    <UnitTest name="Vantuz.Core.Tests.MinecraftGameQueryProviderTests.CheckVersionAsync_ForgeComplete_ReturnsTrue" storage="c:\000\projects\compositum\vantuz.core.tests\bin\debug\net8.0\vantuz.core.tests.dll" id="f08daa87-a801-ebbe-2f38-e104ce7e5abd">
      <Execution id="ab2048f7-a66b-498f-a24f-5693c3a7c66b" />
      <TestMethod codeBase="C:\000\projects\compositum\Vantuz.Core.Tests\bin\Debug\net8.0\Vantuz.Core.Tests.dll" adapterTypeName="executor://xunit/VsTestRunner2/netcoreapp" className="Vantuz.Core.Tests.MinecraftGameQueryProviderTests" name="CheckVersionAsync_ForgeComplete_ReturnsTrue" />
    </UnitTest>
    <UnitTest name="Vantuz.Core.Tests.DeltaAnalyzerQueryTests.ExecuteAsync_MatchingFile_NoDownloadNeeded" storage="c:\000\projects\compositum\vantuz.core.tests\bin\debug\net8.0\vantuz.core.tests.dll" id="3190b2da-bb35-e066-1465-d9b8bf45b621">
      <Execution id="b5205ecc-3ee3-4241-a273-6f6fdbadedcb" />
      <TestMethod codeBase="C:\000\projects\compositum\Vantuz.Core.Tests\bin\Debug\net8.0\Vantuz.Core.Tests.dll" adapterTypeName="executor://xunit/VsTestRunner2/netcoreapp" className="Vantuz.Core.Tests.DeltaAnalyzerQueryTests" name="ExecuteAsync_MatchingFile_NoDownloadNeeded" />
    </UnitTest>
    <UnitTest name="Vantuz.Core.Tests.CommandResultTests.Failure_Constructor_SetsProperties" storage="c:\000\projects\compositum\vantuz.core.tests\bin\debug\net8.0\vantuz.core.tests.dll" id="27b965b8-38b6-bee5-51a3-ca4d6d05fb1a">
      <Execution id="d1d4578f-fded-4e8d-95bc-c7594c2e58ca" />
      <TestMethod codeBase="C:\000\projects\compositum\Vantuz.Core.Tests\bin\Debug\net8.0\Vantuz.Core.Tests.dll" adapterTypeName="executor://xunit/VsTestRunner2/netcoreapp" className="Vantuz.Core.Tests.CommandResultTests" name="Failure_Constructor_SetsProperties" />
    </UnitTest>
  </TestDefinitions>
  <TestEntries>
    <TestEntry testId="9aa7ad5d-b7b3-621f-b9e0-44d033aad333" executionId="38c10191-0e78-46d0-b57b-142c7284b0d5" testListId="8c84fa94-04c1-424b-9868-57a2d4851a1d" />
    <TestEntry testId="c9ca4d7b-e0a1-0209-423b-deb7dda946f9" executionId="f4dc0cae-fbc9-442f-94a2-52ebeb75f1df" testListId="8c84fa94-04c1-424b-9868-57a2d4851a1d" />
    <TestEntry testId="3a83f0e2-c1cd-83c4-b0f6-7c8beacdc660" executionId="500c1234-592d-4d39-957e-10b4d84cb8ce" testListId="8c84fa94-04c1-424b-9868-57a2d4851a1d" />
    <TestEntry testId="5917c7b7-5a0e-8737-3572-f6a2a16c3772" executionId="4173720c-6edb-4862-900d-98240f3d4d2b" testListId="8c84fa94-04c1-424b-9868-57a2d4851a1d" />
    <TestEntry testId="81b852e3-0a1c-e06a-ad5b-51073b275572" executionId="d89a1bdb-241a-4ee7-87b5-dda89c58a269" testListId="8c84fa94-04c1-424b-9868-57a2d4851a1d" />
    <TestEntry testId="5218aab3-91e5-4d02-6f4b-36bb8169aaad" executionId="ec361461-1fbd-4262-a115-63cec58b52e9" testListId="8c84fa94-04c1-424b-9868-57a2d4851a1d" />
    <TestEntry testId="6610700f-012b-0b62-cefd-986d8f87c629" executionId="c071911e-4f70-4041-884f-6e68efcdcde5" testListId="8c84fa94-04c1-424b-9868-57a2d4851a1d" />
    <TestEntry testId="ce42e30e-97b2-6b7a-7fbe-110c861c48a4" executionId="8f65aac0-eaab-4338-8b1a-31dcfc5a972a" testListId="8c84fa94-04c1-424b-9868-57a2d4851a1d" />
    <TestEntry testId="17064349-f04a-07ea-f999-43fea8de6e1c" executionId="1a61be3c-8186-4db1-9f13-bd1430c1e4b7" testListId="8c84fa94-04c1-424b-9868-57a2d4851a1d" />
    <TestEntry testId="61c0659c-8cfc-c492-3f2a-da63d40da228" executionId="9f62cdae-c8f7-436f-b084-811fb306cf00" testListId="8c84fa94-04c1-424b-9868-57a2d4851a1d" />
    <TestEntry testId="7ddadfa2-f2fc-4a40-8c35-a8a4a0a441bf" executionId="6edc6dcd-4ec7-46bc-a128-e9af568e5eb0" testListId="8c84fa94-04c1-424b-9868-57a2d4851a1d" />
    <TestEntry testId="266b97bd-0a78-5b99-c908-e3c9177da4de" executionId="6c58247c-3338-484c-a264-5278c737ee87" testListId="8c84fa94-04c1-424b-9868-57a2d4851a1d" />
    <TestEntry testId="1790ff60-a008-acbb-75b7-6e93f437c51b" executionId="a587daed-ec3b-4f8c-9315-8d520eebe037" testListId="8c84fa94-04c1-424b-9868-57a2d4851a1d" />
    <TestEntry testId="29e75204-ae1f-90d0-2658-3545ee5766ca" executionId="3972ae43-7b80-4a30-aa46-080535ea9dd9" testListId="8c84fa94-04c1-424b-9868-57a2d4851a1d" />
    <TestEntry testId="c51b34ef-4ac0-f70c-a4c5-b3f89b14361b" executionId="6363f5f8-a27f-428e-a753-1fa4c56c3a53" testListId="8c84fa94-04c1-424b-9868-57a2d4851a1d" />
    <TestEntry testId="ab5c9426-00bd-ded5-bb10-dd52f314a81c" executionId="4b1e3512-ecc9-4c9d-8c21-c259d7917ea7" testListId="8c84fa94-04c1-424b-9868-57a2d4851a1d" />
    <TestEntry testId="377fa45c-ab02-859b-ac30-5585751c9fce" executionId="0a41dc98-7df0-4378-82cc-635b8913272d" testListId="8c84fa94-04c1-424b-9868-57a2d4851a1d" />
    <TestEntry testId="5417a48c-7dc4-7e65-5dde-45f31da74186" executionId="6e76cc8e-ebf1-4837-b04c-f4909bd4bb2d" testListId="8c84fa94-04c1-424b-9868-57a2d4851a1d" />
    <TestEntry testId="8d9f625b-eca0-caaf-80b7-0208b4fb0a84" executionId="e8f6fe66-d52c-4253-a66e-01ee6c5aba51" testListId="8c84fa94-04c1-424b-9868-57a2d4851a1d" />
    <TestEntry testId="de27a3a4-5585-1811-f69a-d74b7b44037f" executionId="28ad0a04-8885-4ab1-ae96-033d2f40b863" testListId="8c84fa94-04c1-424b-9868-57a2d4851a1d" />
    <TestEntry testId="29af152b-9368-65cd-1274-6d4f24ccf49a" executionId="ab1039d2-bc28-4c18-b0f1-f1ec190e6d6b" testListId="8c84fa94-04c1-424b-9868-57a2d4851a1d" />
    <TestEntry testId="b514ffe9-bfa2-ae27-aee0-7a78b9baeeb4" executionId="e83cb4de-0c7b-49a2-9ac4-53c985eaed5c" testListId="8c84fa94-04c1-424b-9868-57a2d4851a1d" />
    <TestEntry testId="2ede7db6-f9e3-8c2c-4030-c3ebeefecce1" executionId="ef057701-e898-4ea0-a220-589279cc1dd5" testListId="8c84fa94-04c1-424b-9868-57a2d4851a1d" />
    <TestEntry testId="221c78a4-c539-b830-a354-26d2e5524c6e" executionId="06606bfb-117e-45a4-b24a-6baa61928e7a" testListId="8c84fa94-04c1-424b-9868-57a2d4851a1d" />
    <TestEntry testId="bbf9caf0-6112-153d-9f8d-1f9dc0ba190d" executionId="66042754-c6eb-4bbb-8b12-af4f831e1b8c" testListId="8c84fa94-04c1-424b-9868-57a2d4851a1d" />
    <TestEntry testId="79e51082-c5ec-0800-74c8-b0096ad0d250" executionId="32dfabc0-2ab3-4f78-9d43-8d369ca4150e" testListId="8c84fa94-04c1-424b-9868-57a2d4851a1d" />
    <TestEntry testId="f905ca6a-932e-c1eb-f928-e552453b460a" executionId="303a7c6e-c0c9-4b08-8111-b76a85e1d354" testListId="8c84fa94-04c1-424b-9868-57a2d4851a1d" />
    <TestEntry testId="cd646ece-fb71-7c04-40a7-e43eb9dde127" executionId="903636b4-cd10-4aeb-8e8a-05e80021f889" testListId="8c84fa94-04c1-424b-9868-57a2d4851a1d" />
    <TestEntry testId="2fdd3774-7c85-360d-fa74-7441eadbcbf7" executionId="4eeba3ea-1338-4d22-a685-18e81355d108" testListId="8c84fa94-04c1-424b-9868-57a2d4851a1d" />
    <TestEntry testId="caedb91e-215d-ab53-d2d2-ea06de83613b" executionId="e1088dbe-4cb7-4c37-b13b-a688edbd7d52" testListId="8c84fa94-04c1-424b-9868-57a2d4851a1d" />
    <TestEntry testId="9d82f38f-4f42-5efe-d3a7-983c7c7ee93b" executionId="b730ac7e-1043-48df-a4bd-54b9d6aec0db" testListId="8c84fa94-04c1-424b-9868-57a2d4851a1d" />
    <TestEntry testId="eea26664-1b21-7fc4-cfb6-14b6b0a52392" executionId="356dc18b-e84d-4674-b519-f51df753240c" testListId="8c84fa94-04c1-424b-9868-57a2d4851a1d" />
    <TestEntry testId="60f71c30-2701-977b-d59a-5eb8477cee78" executionId="41ad144d-dd68-42ba-bee4-caf881010f71" testListId="8c84fa94-04c1-424b-9868-57a2d4851a1d" />
    <TestEntry testId="0a701ac8-4295-2402-109a-926518494446" executionId="e2586441-34dd-431f-a8bd-fe9767b427ae" testListId="8c84fa94-04c1-424b-9868-57a2d4851a1d" />
    <TestEntry testId="4852611b-0209-d6fb-14e1-c9b26927339e" executionId="4270c62a-7c27-4ae5-bf82-c16729f2b732" testListId="8c84fa94-04c1-424b-9868-57a2d4851a1d" />
    <TestEntry testId="8ed1f628-546a-9be4-9711-360f50e39ac9" executionId="3524c6e7-c193-463e-8e73-72c645aec121" testListId="8c84fa94-04c1-424b-9868-57a2d4851a1d" />
    <TestEntry testId="7757a13d-1a7f-72ac-2fa5-763d7c8f9a90" executionId="66b61805-5248-444d-89cf-72407c8141fd" testListId="8c84fa94-04c1-424b-9868-57a2d4851a1d" />
    <TestEntry testId="184bf7b2-dc0f-4b9c-0917-ff393766eaa3" executionId="11a86211-9c96-4c4c-bbb8-3fa315c27d3a" testListId="8c84fa94-04c1-424b-9868-57a2d4851a1d" />
    <TestEntry testId="3ab3a265-65e5-6c60-d4c2-773914ebd1ce" executionId="6aa2cbd5-b918-4a62-bd5f-89af638107b4" testListId="8c84fa94-04c1-424b-9868-57a2d4851a1d" />
    <TestEntry testId="c567b5f7-63e6-3ff7-0109-bb551c579b2d" executionId="df293ce2-e96b-45b6-9a2c-038fac000e94" testListId="8c84fa94-04c1-424b-9868-57a2d4851a1d" />
    <TestEntry testId="8f5ab4e8-0c7b-eccd-7d6e-553567d7d7a1" executionId="4870c388-1bb9-4104-b68a-f75e62e983dd" testListId="8c84fa94-04c1-424b-9868-57a2d4851a1d" />
    <TestEntry testId="f8b02280-d58f-52cd-2ac9-ef5216be18cb" executionId="900e8065-0fc4-4843-84cb-e084c86494b5" testListId="8c84fa94-04c1-424b-9868-57a2d4851a1d" />
    <TestEntry testId="53cdb778-4edb-926f-6f73-9b2fd8c932de" executionId="75e6ab0a-bf92-442b-a7f5-12a69b4870bf" testListId="8c84fa94-04c1-424b-9868-57a2d4851a1d" />
    <TestEntry testId="8146708f-5a23-410a-3b2b-86ab46376a5a" executionId="6fddc66e-107d-4d74-90d4-95286a2eb351" testListId="8c84fa94-04c1-424b-9868-57a2d4851a1d" />
    <TestEntry testId="d5eb4ca5-2d34-490a-fa47-a0fdfd9e600c" executionId="930c5d71-374c-4972-8f5d-458f954401b9" testListId="8c84fa94-04c1-424b-9868-57a2d4851a1d" />
    <TestEntry testId="63807933-805d-5294-e6a0-1292022b3518" executionId="d33df87f-5b33-4e5d-b0fc-be90e2fa0aa5" testListId="8c84fa94-04c1-424b-9868-57a2d4851a1d" />
    <TestEntry testId="f8367f7a-9cce-e548-cd48-ef95c0e76341" executionId="71e5a08b-850f-4c0e-a65f-1e36481ca426" testListId="8c84fa94-04c1-424b-9868-57a2d4851a1d" />
    <TestEntry testId="d3dac384-ae1f-5876-07f2-1bcf0e9f9683" executionId="62e542cb-a83b-4a6c-8660-72cb08012576" testListId="8c84fa94-04c1-424b-9868-57a2d4851a1d" />
    <TestEntry testId="5b2a8097-f07c-36bd-324a-bdc2320e5f2d" executionId="a04910c5-68c1-4d47-964c-5da13fbd029a" testListId="8c84fa94-04c1-424b-9868-57a2d4851a1d" />
    <TestEntry testId="d6f687e1-8213-6eda-4399-1c4d83c950d4" executionId="322d9df5-b5f6-40c6-be1f-3c1f7e302f6b" testListId="8c84fa94-04c1-424b-9868-57a2d4851a1d" />
    <TestEntry testId="6a60efa8-909b-9c74-1baa-597a1d34a5ae" executionId="441bd7ad-9bfa-48c6-882e-e1e8ee8a28d8" testListId="8c84fa94-04c1-424b-9868-57a2d4851a1d" />
    <TestEntry testId="11a1f760-fed3-dcfb-3ab4-b535c7eb8c88" executionId="4e2201ec-737f-4fe9-ae2e-a8984a7526ca" testListId="8c84fa94-04c1-424b-9868-57a2d4851a1d" />
    <TestEntry testId="8f30efbc-7e3d-ab47-0825-e02fd91dce70" executionId="eafe1a40-9f10-4177-a579-7a10156c48a8" testListId="8c84fa94-04c1-424b-9868-57a2d4851a1d" />
    <TestEntry testId="d4ba38d1-122c-72df-a9f0-6a5d52730724" executionId="b412732b-1302-429e-8c40-dcc2988e4116" testListId="8c84fa94-04c1-424b-9868-57a2d4851a1d" />
    <TestEntry testId="3190b2da-bb35-e066-1465-d9b8bf45b621" executionId="b5205ecc-3ee3-4241-a273-6f6fdbadedcb" testListId="8c84fa94-04c1-424b-9868-57a2d4851a1d" />
    <TestEntry testId="ccb6976c-25e1-55e4-c9c7-263fb5537833" executionId="0f5a3f9e-da24-4420-ad9d-7b47d91dc2d0" testListId="8c84fa94-04c1-424b-9868-57a2d4851a1d" />
    <TestEntry testId="17bbd0b6-9b48-5d98-6178-af45a2de6271" executionId="6aa063c2-7f5b-4e04-a5e6-f16de67ef275" testListId="8c84fa94-04c1-424b-9868-57a2d4851a1d" />
    <TestEntry testId="27b965b8-38b6-bee5-51a3-ca4d6d05fb1a" executionId="d1d4578f-fded-4e8d-95bc-c7594c2e58ca" testListId="8c84fa94-04c1-424b-9868-57a2d4851a1d" />
    <TestEntry testId="f08daa87-a801-ebbe-2f38-e104ce7e5abd" executionId="ab2048f7-a66b-498f-a24f-5693c3a7c66b" testListId="8c84fa94-04c1-424b-9868-57a2d4851a1d" />
    <TestEntry testId="d358d99b-fd27-69b4-d693-f6f14e3eeb19" executionId="87aeb362-215e-4cb9-a8e1-69edb41e3b53" testListId="8c84fa94-04c1-424b-9868-57a2d4851a1d" />
    <TestEntry testId="75cfac8b-3249-a70b-7150-059b815e7279" executionId="dfd82489-f1f4-41b3-8160-df1033f27b0b" testListId="8c84fa94-04c1-424b-9868-57a2d4851a1d" />
  </TestEntries>
  <TestLists>
    <TestList name="Список результатов" id="8c84fa94-04c1-424b-9868-57a2d4851a1d" />
    <TestList name="Все загруженные результаты" id="19431567-8539-422a-85d7-44ee4e166bda" />
  </TestLists>
  <ResultSummary outcome="Failed">
    <Counters total="61" executed="61" passed="60" failed="1" error="0" timeout="0" aborted="0" inconclusive="0" passedButRunAborted="0" notRunnable="0" notExecuted="0" disconnected="0" warning="0" completed="0" inProgress="0" pending="0" />
    <Output>
      <StdOut>[xUnit.net 00:00:00.00] xUnit.net VSTest Adapter v2.5.7+8f2703126a (64-bit .NET 8.0.26)&#xD;
[xUnit.net 00:00:00.27]   Discovering: Vantuz.Core.Tests&#xD;
[xUnit.net 00:00:00.50]   Discovered:  Vantuz.Core.Tests&#xD;
[xUnit.net 00:00:00.52]   Starting:    Vantuz.Core.Tests&#xD;
[xUnit.net 00:00:02.42]       Assert.Contains() Failure: Sub-string not found&#xD;
[xUnit.net 00:00:02.42]       String:    "Р’РµСЂСЃРёСЏ 1.20.1-forge-47.3.0 СѓР¶Рµ С"···&#xD;
[xUnit.net 00:00:02.42]       Not found: "уже установлена"&#xD;
[xUnit.net 00:00:02.42]       Stack Trace:&#xD;
[xUnit.net 00:00:02.42]         C:\000\projects\compositum\Vantuz.Core.Tests\MinecraftGameProviderTests.cs(309,0): at Vantuz.Core.Tests.MinecraftGameQueryProviderTests.GameInstallerCommand_ForgeAlreadyInstalled_SkipsInstall()&#xD;
[xUnit.net 00:00:02.42]         --- End of stack trace from previous location ---&#xD;
[14:12:28] [DEBUG] Pipeline has 16 steps: GUI.MinecraftLauncher, GUI.CredentialCollection, Auth.YggdrasilCommand, Net.ApiReaderQuery, Net.UpdateCommand, Game.MinecraftProvider, Game.VersionValidatorQuery, Game.InstallerCommand, Net.ModpackManifestQuery, OS.DeltaAnalyzerQuery, OS.LocalMoveCommand, Net.DownloadCommand, OS.BatchPurgeCommand, Net.DownloadCommand, Game.LaunchCommand, OS.ExecuteCommand&#xD;
[14:12:37] [GUI] Minecraft Launcher initialized (standalone mode)&#xD;
[14:12:37] [GUI] Minecraft Launcher initialized and running&#xD;
[14:12:37] [STEP] GUI.MinecraftLauncher completed&#xD;
[2026-06-13 19:12:37] Pipeline failed: Credential collection cancelled by user.&#xD;
[14:12:40] [DEBUG] Pipeline has 16 steps: GUI.MinecraftLauncher, GUI.CredentialCollection, Auth.YggdrasilCommand, Net.ApiReaderQuery, Net.UpdateCommand, Game.MinecraftProvider, Game.VersionValidatorQuery, Game.InstallerCommand, Net.ModpackManifestQuery, OS.DeltaAnalyzerQuery, OS.LocalMoveCommand, Net.DownloadCommand, OS.BatchPurgeCommand, Net.DownloadCommand, Game.LaunchCommand, OS.ExecuteCommand&#xD;
[14:12:46] [GUI] Minecraft Launcher initialized (standalone mode)&#xD;
[14:12:46] [GUI] Minecraft Launcher initialized and running&#xD;
[14:12:46] [STEP] GUI.MinecraftLauncher completed&#xD;
[2026-06-13 19:12:51] Pipeline failed: Credential collection cancelled by user.&#xD;
[14:12:58] [DEBUG] Pipeline has 16 steps: GUI.MinecraftLauncher, GUI.CredentialCollection, Auth.YggdrasilCommand, Net.ApiReaderQuery, Net.UpdateCommand, Game.MinecraftProvider, Game.VersionValidatorQuery, Game.InstallerCommand, Net.ModpackManifestQuery, OS.DeltaAnalyzerQuery, OS.LocalMoveCommand, Net.DownloadCommand, OS.BatchPurgeCommand, Net.DownloadCommand, Game.LaunchCommand, OS.ExecuteCommand&#xD;
[xUnit.net 00:00:41.96]   Finished:    Vantuz.Core.Tests&#xD;
</StdOut>
    </Output>
    <RunInfos>
      <RunInfo computerName="DESKTOP-NTADQTR" outcome="Error" timestamp="2026-06-13T19:12:21.1238012+05:00">
        <Text>[xUnit.net 00:00:02.42]     Vantuz.Core.Tests.MinecraftGameQueryProviderTests.GameInstallerCommand_ForgeAlreadyInstalled_SkipsInstall [FAIL]</Text>
      </RunInfo>
    </RunInfos>
  </ResultSummary>
</TestRun>